ARM Linker, 5.03 [Build 76] [MDK-ARM Standard]

==============================================================================

Section Cross References

    startup_stm32f103xb.o(STACK) refers (Special) to heapauxi.o(.text) for __use_two_region_memory
    startup_stm32f103xb.o(HEAP) refers (Special) to heapauxi.o(.text) for __use_two_region_memory
    startup_stm32f103xb.o(RESET) refers (Special) to heapauxi.o(.text) for __use_two_region_memory
    startup_stm32f103xb.o(RESET) refers to startup_stm32f103xb.o(STACK) for __initial_sp
    startup_stm32f103xb.o(RESET) refers to startup_stm32f103xb.o(.text) for Reset_Handler
    startup_stm32f103xb.o(RESET) refers to stm32f1xx_it.o(i.NMI_Handler) for NMI_Handler
    startup_stm32f103xb.o(RESET) refers to stm32f1xx_it.o(i.HardFault_Handler) for HardFault_Handler
    startup_stm32f103xb.o(RESET) refers to stm32f1xx_it.o(i.MemManage_Handler) for MemManage_Handler
    startup_stm32f103xb.o(RESET) refers to stm32f1xx_it.o(i.BusFault_Handler) for BusFault_Handler
    startup_stm32f103xb.o(RESET) refers to stm32f1xx_it.o(i.UsageFault_Handler) for UsageFault_Handler
    startup_stm32f103xb.o(RESET) refers to stm32f1xx_it.o(i.SVC_Handler) for SVC_Handler
    startup_stm32f103xb.o(RESET) refers to stm32f1xx_it.o(i.DebugMon_Handler) for DebugMon_Handler
    startup_stm32f103xb.o(RESET) refers to stm32f1xx_it.o(i.PendSV_Handler) for PendSV_Handler
    startup_stm32f103xb.o(RESET) refers to stm32f1xx_it.o(i.SysTick_Handler) for SysTick_Handler
    startup_stm32f103xb.o(RESET) refers to stm32f1xx_it.o(i.TIM2_IRQHandler) for TIM2_IRQHandler
    startup_stm32f103xb.o(.text) refers (Special) to heapauxi.o(.text) for __use_two_region_memory
    startup_stm32f103xb.o(.text) refers to system_stm32f1xx.o(i.SystemInit) for SystemInit
    startup_stm32f103xb.o(.text) refers to __main.o(!!!main) for __main
    startup_stm32f103xb.o(.text) refers to startup_stm32f103xb.o(HEAP) for Heap_Mem
    startup_stm32f103xb.o(.text) refers to startup_stm32f103xb.o(STACK) for Stack_Mem
    main.o(i.HAL_TIM_PeriodElapsedCallback) refers to main.o(.data) for .data
    main.o(i.MX_GPIO_Init) refers to stm32f1xx_hal_gpio.o(i.HAL_GPIO_Init) for HAL_GPIO_Init
    main.o(i.MX_TIM1_Init) refers to stm32f1xx_hal_tim.o(i.HAL_TIM_Base_Init) for HAL_TIM_Base_Init
    main.o(i.MX_TIM1_Init) refers to stm32f1xx_hal_tim.o(i.HAL_TIM_ConfigClockSource) for HAL_TIM_ConfigClockSource
    main.o(i.MX_TIM1_Init) refers to stm32f1xx_hal_tim_ex.o(i.HAL_TIMEx_MasterConfigSynchronization) for HAL_TIMEx_MasterConfigSynchronization
    main.o(i.MX_TIM1_Init) refers to main.o(.bss) for .bss
    main.o(i.MX_TIM2_Init) refers to stm32f1xx_hal_tim.o(i.HAL_TIM_Base_Init) for HAL_TIM_Base_Init
    main.o(i.MX_TIM2_Init) refers to stm32f1xx_hal_tim.o(i.HAL_TIM_ConfigClockSource) for HAL_TIM_ConfigClockSource
    main.o(i.MX_TIM2_Init) refers to stm32f1xx_hal_tim_ex.o(i.HAL_TIMEx_MasterConfigSynchronization) for HAL_TIMEx_MasterConfigSynchronization
    main.o(i.MX_TIM2_Init) refers to main.o(.bss) for .bss
    main.o(i.SystemClock_Config) refers to rt_memclr_w.o(.text) for __aeabi_memclr4
    main.o(i.SystemClock_Config) refers to stm32f1xx_hal_rcc.o(i.HAL_RCC_OscConfig) for HAL_RCC_OscConfig
    main.o(i.SystemClock_Config) refers to stm32f1xx_hal_rcc.o(i.HAL_RCC_ClockConfig) for HAL_RCC_ClockConfig
    main.o(i.btn_press_short_callback) refers to stm32f1xx_hal.o(i.HAL_Delay) for HAL_Delay
    main.o(i.btn_press_short_callback) refers to liquidcrystal_i2c.o(i.lcd_clear_display) for lcd_clear_display
    main.o(i.btn_press_short_callback) refers to dfplayer.o(i.DFPLAYER_Stop) for DFPLAYER_Stop
    main.o(i.btn_press_short_callback) refers to rtc.o(i.RTC_ReadTime) for RTC_ReadTime
    main.o(i.btn_press_short_callback) refers to rtc.o(i.RTC_WriteTime) for RTC_WriteTime
    main.o(i.btn_press_short_callback) refers to dfplayer.o(i.DFPLAYER_SetVolume) for DFPLAYER_SetVolume
    main.o(i.btn_press_short_callback) refers to dfplayer.o(i.DFPLAYER_PlayTrack) for DFPLAYER_PlayTrack
    main.o(i.btn_press_short_callback) refers to liquidcrystal_i2c.o(i.lcd_backlight_on) for lcd_backlight_on
    main.o(i.btn_press_short_callback) refers to liquidcrystal_i2c.o(i.lcd_backlight_off) for lcd_backlight_off
    main.o(i.btn_press_short_callback) refers to main.o(.bss) for .bss
    main.o(i.btn_press_short_callback) refers to main.o(.data) for .data
    main.o(i.check_alarm) refers to rtc.o(i.RTC_ReadTime) for RTC_ReadTime
    main.o(i.check_alarm) refers to dfplayer.o(i.DFPLAYER_PlayTrack) for DFPLAYER_PlayTrack
    main.o(i.check_alarm) refers to stm32f1xx_hal_tim.o(i.HAL_TIM_Base_Start) for HAL_TIM_Base_Start
    main.o(i.check_alarm) refers to main.o(.bss) for .bss
    main.o(i.check_alarm) refers to main.o(.data) for .data
    main.o(i.display_handle) refers to rtc.o(i.RTC_ReadTime) for RTC_ReadTime
    main.o(i.display_handle) refers to liquidcrystal_i2c.o(i.lcd_set_cursor) for lcd_set_cursor
[...]
    .ARM.Collect$$rtexit$$00000002           0x08000228   Section        0  rtexit2.o(.ARM.Collect$$rtexit$$00000002)
    .ARM.Collect$$rtexit$$00000003           0x08000228   Section        4  rtexit2.o(.ARM.Collect$$rtexit$$00000003)
    .ARM.Collect$$rtexit$$00000004           0x0800022c   Section        6  rtexit2.o(.ARM.Collect$$rtexit$$00000004)
    .text                                    0x08000234   Section       64  startup_stm32f103xb.o(.text)
    .text                                    0x08000274   Section        0  vsprintf.o(.text)
    .text                                    0x08000298   Section        0  strlen.o(.text)
    .text                                    0x080002d6   Section       78  rt_memclr_w.o(.text)
    .text                                    0x08000324   Section        0  heapauxi.o(.text)
    .text                                    0x0800032a   Section        0  _printf_pad.o(.text)
    .text                                    0x0800037c   Section        0  _printf_truncate.o(.text)
    .text                                    0x080003a0   Section        0  _printf_str.o(.text)
    .text                                    0x080003f4   Section        0  _printf_dec.o(.text)
    .text                                    0x0800046c   Section        0  _printf_charcount.o(.text)
    .text                                    0x08000498   Section        0  _printf_char_common.o(.text)
    _printf_input_char                       0x08000499   Thumb Code    10  _printf_char_common.o(.text)
    .text                                    0x080004c8   Section        0  _sputc.o(.text)
    .text                                    0x080004d4   Section        0  _printf_wctomb.o(.text)
    .text                                    0x08000590   Section        0  _printf_longlong_dec.o(.text)
    .text                                    0x08000608   Section        0  _printf_oct_int_ll.o(.text)
    _printf_longlong_oct_internal            0x08000609   Thumb Code     0  _printf_oct_int_ll.o(.text)
    .text                                    0x08000680   Section        0  _printf_hex_int_ll_ptr.o(.text)
    _printf_hex_common                       0x08000681   Thumb Code     0  _printf_hex_int_ll_ptr.o(.text)
    .text                                    0x0800071c   Section        0  __printf_flags_ss_wp.o(.text)
    .text                                    0x080008a8   Section      138  lludiv10.o(.text)
    .text                                    0x08000932   Section        0  _printf_intcommon.o(.text)
    .text                                    0x080009ea   Section        0  _printf_fp_dec.o(.text)
    _fp_digits                               0x080009ed   Thumb Code   426  _printf_fp_dec.o(.text)
    .text                                    0x08000e0c   Section        0  _printf_fp_hex.o(.text)
    .text                                    0x0800110c   Section        0  _printf_char.o(.text)
    .text                                    0x08001138   Section        0  _printf_wchar.o(.text)
    .text                                    0x08001164   Section        0  _wcrtomb.o(.text)
    .text                                    0x080011a4   Section       74  sys_stackheap_outer.o(.text)
    .text                                    0x080011f0   Section       16  rt_ctype_table.o(.text)
    .text                                    0x08001200   Section        8  rt_locale_intlibspace.o(.text)
    .text                                    0x08001208   Section        0  _printf_fp_infnan.o(.text)
    .text                                    0x08001288   Section        0  bigflt0.o(.text)
    .text                                    0x0800136c   Section        0  exit.o(.text)
    .text                                    0x08001378   Section        8  libspace.o(.text)
    .text                                    0x08001380   Section      128  strcmpv7m.o(.text)
    .text                                    0x08001400   Section        0  sys_exit.o(.text)
    .text                                    0x0800140c   Section        2  use_no_semi.o(.text)
    .text                                    0x0800140e   Section        0  indicate_semi.o(.text)
    CL$$btod_d2e                             0x0800140e   Section       62  btod.o(CL$$btod_d2e)
    CL$$btod_d2e_denorm_low                  0x0800144c   Section       70  btod.o(CL$$btod_d2e_denorm_low)
    CL$$btod_d2e_norm_op1                    0x08001492   Section       96  btod.o(CL$$btod_d2e_norm_op1)
    CL$$btod_div_common                      0x080014f2   Section      824  btod.o(CL$$btod_div_common)
    CL$$btod_e2e                             0x0800182a   Section      198  btod.o(CL$$btod_e2e)
    CL$$btod_ediv                            0x080018f0   Section       40  btod.o(CL$$btod_ediv)
    CL$$btod_emul                            0x08001918   Section       40  btod.o(CL$$btod_emul)
    CL$$btod_mult_common                     0x08001940   Section      580  btod.o(CL$$btod_mult_common)
    i.BCD2Decimal                            0x08001b84   Section        0  rtc.o(i.BCD2Decimal)
    i.BusFault_Handler                       0x08001b96   Section        0  stm32f1xx_it.o(i.BusFault_Handler)
    i.DFPLAYER_Init                          0x08001b98   Section        0  dfplayer.o(i.DFPLAYER_Init)
    i.DFPLAYER_PlayTrack                     0x08001bb4   Section        0  dfplayer.o(i.DFPLAYER_PlayTrack)
    i.DFPLAYER_SendCmd                       0x08001bbe   Section        0  dfplayer.o(i.DFPLAYER_SendCmd)
    DFPLAYER_SendCmd                         0x08001bbf   Thumb Code    68  dfplayer.o(i.DFPLAYER_SendCmd)
    i.DFPLAYER_SetVolume                     0x08001c02   Section        0  dfplayer.o(i.DFPLAYER_SetVolume)
    i.DFPLAYER_Stop                          0x08001c0c   Section        0  dfplayer.o(i.DFPLAYER_Stop)
    i.DebugMon_Handler                       0x08001c16   Section        0  stm32f1xx_it.o(i.DebugMon_Handler)
    i.Decimal2BCD                            0x08001c18   Section        0  rtc.o(i.Decimal2BCD)
    i.HAL_Delay                              0x08001c2c   Section        0  stm32f1xx_hal.o(i.HAL_Delay)
    i.HAL_GPIO_Init                          0x08001c50   Section        0  stm32f1xx_hal_gpio.o(i.HAL_GPIO_Init)
    i.HAL_GPIO_ReadPin                       0x08001e28   Section        0  stm32f1xx_hal_gpio.o(i.HAL_GPIO_ReadPin)
    i.HAL_GetTick                            0x08001e34   Section        0  stm32f1xx_hal.o(i.HAL_GetTick)
    i.HAL_I2C_Init                           0x08001e40   Section        0  stm32f1xx_hal_i2c.o(i.HAL_I2C_Init)
    i.HAL_I2C_Master_Receive                 0x08001fbc   Section        0  stm32f1xx_hal_i2c.o(i.HAL_I2C_Master_Receive)
    i.HAL_I2C_Master_Transmit                0x0800221c   Section        0  stm32f1xx_hal_i2c.o(i.HAL_I2C_Master_Transmit)
    i.HAL_I2C_MspInit                        0x08002350   Section        0  stm32f1xx_hal_msp.o(i.HAL_I2C_MspInit)
    i.HAL_IncTick                            0x080023ac   Section        0  stm32f1xx_hal.o(i.HAL_IncTick)
    i.HAL_Init                               0x080023bc   Section        0  stm32f1xx_hal.o(i.HAL_Init)
    i.HAL_InitTick                           0x080023e0   Section        0  stm32f1xx_hal.o(i.HAL_InitTick)
    i.HAL_MspInit                            0x08002420   Section        0  stm32f1xx_hal_msp.o(i.HAL_MspInit)
    i.HAL_NVIC_EnableIRQ                     0x08002464   Section        0  stm32f1xx_hal_cortex.o(i.HAL_NVIC_EnableIRQ)
    i.HAL_NVIC_SetPriority                   0x08002480   Section        0  stm32f1xx_hal_cortex.o(i.HAL_NVIC_SetPriority)
    i.HAL_NVIC_SetPriorityGrouping           0x080024c0   Section        0  stm32f1xx_hal_cortex.o(i.HAL_NVIC_SetPriorityGrouping)
    i.HAL_RCC_ClockConfig                    0x080024e4   Section        0  stm32f1xx_hal_rcc.o(i.HAL_RCC_ClockConfig)
    i.HAL_RCC_GetPCLK1Freq                   0x08002610   Section        0  stm32f1xx_hal_rcc.o(i.HAL_RCC_GetPCLK1Freq)
    i.HAL_RCC_GetPCLK2Freq                   0x08002630   Section        0  stm32f1xx_hal_rcc.o(i.HAL_RCC_GetPCLK2Freq)
    i.HAL_RCC_GetSysClockFreq                0x08002650   Section        0  stm32f1xx_hal_rcc.o(i.HAL_RCC_GetSysClockFreq)
    i.HAL_RCC_OscConfig                      0x0800269c   Section        0  stm32f1xx_hal_rcc.o(i.HAL_RCC_OscConfig)
    i.HAL_SYSTICK_Config                     0x080029c4   Section        0  stm32f1xx_hal_cortex.o(i.HAL_SYSTICK_Config)
    i.HAL_TIMEx_BreakCallback                0x080029ec   Section        0  stm32f1xx_hal_tim_ex.o(i.HAL_TIMEx_BreakCallback)
    i.HAL_TIMEx_CommutCallback               0x080029ee   Section        0  stm32f1xx_hal_tim_ex.o(i.HAL_TIMEx_CommutCallback)
    i.HAL_TIMEx_MasterConfigSynchronization  0x080029f0   Section        0  stm32f1xx_hal_tim_ex.o(i.HAL_TIMEx_MasterConfigSynchronization)
    i.HAL_TIM_Base_Init                      0x08002a58   Section        0  stm32f1xx_hal_tim.o(i.HAL_TIM_Base_Init)
    i.HAL_TIM_Base_MspInit                   0x08002aa0   Section        0  stm32f1xx_hal_msp.o(i.HAL_TIM_Base_MspInit)
    i.HAL_TIM_Base_Start                     0x08002af0   Section        0  stm32f1xx_hal_tim.o(i.HAL_TIM_Base_Start)
    i.HAL_TIM_Base_Start_IT                  0x08002b40   Section        0  stm32f1xx_hal_tim.o(i.HAL_TIM_Base_Start_IT)
    i.HAL_TIM_Base_Stop_IT                   0x08002b98   Section        0  stm32f1xx_hal_tim.o(i.HAL_TIM_Base_Stop_IT)
    i.HAL_TIM_ConfigClockSource              0x08002bc8   Section        0  stm32f1xx_hal_tim.o(i.HAL_TIM_ConfigClockSource)
    i.HAL_TIM_IC_CaptureCallback             0x08002ca2   Section        0  stm32f1xx_hal_tim.o(i.HAL_TIM_IC_CaptureCallback)
    i.HAL_TIM_IRQHandler                     0x08002ca4   Section        0  stm32f1xx_hal_tim.o(i.HAL_TIM_IRQHandler)
    i.HAL_TIM_OC_DelayElapsedCallback        0x08002e0a   Section        0  stm32f1xx_hal_tim.o(i.HAL_TIM_OC_DelayElapsedCallback)
    i.HAL_TIM_PWM_PulseFinishedCallback      0x08002e0c   Section        0  stm32f1xx_hal_tim.o(i.HAL_TIM_PWM_PulseFinishedCallback)
    i.HAL_TIM_PeriodElapsedCallback          0x08002e10   Section        0  main.o(i.HAL_TIM_PeriodElapsedCallback)
    i.HAL_TIM_TriggerCallback                0x08002e30   Section        0  stm32f1xx_hal_tim.o(i.HAL_TIM_TriggerCallback)
    i.HAL_UART_Init                          0x08002e32   Section        0  stm32f1xx_hal_uart.o(i.HAL_UART_Init)
    i.HAL_UART_MspInit                       0x08002e98   Section        0  stm32f1xx_hal_msp.o(i.HAL_UART_MspInit)
    i.HAL_UART_Transmit                      0x08002f08   Section        0  stm32f1xx_hal_uart.o(i.HAL_UART_Transmit)
    i.HardFault_Handler                      0x08002fa2   Section        0  stm32f1xx_it.o(i.HardFault_Handler)
    i.I2C_IsAcknowledgeFailed                0x08002fa4   Section        0  stm32f1xx_hal_i2c.o(i.I2C_IsAcknowledgeFailed)
    I2C_IsAcknowledgeFailed                  0x08002fa5   Thumb Code    46  stm32f1xx_hal_i2c.o(i.I2C_IsAcknowledgeFailed)
    i.I2C_MasterRequestRead                  0x08002fd4   Section        0  stm32f1xx_hal_i2c.o(i.I2C_MasterRequestRead)
    I2C_MasterRequestRead                    0x08002fd5   Thumb Code   230  stm32f1xx_hal_i2c.o(i.I2C_MasterRequestRead)
    i.I2C_MasterRequestWrite                 0x080030c0   Section        0  stm32f1xx_hal_i2c.o(i.I2C_MasterRequestWrite)
    I2C_MasterRequestWrite                   0x080030c1   Thumb Code   150  stm32f1xx_hal_i2c.o(i.I2C_MasterRequestWrite)
    i.I2C_WaitOnBTFFlagUntilTimeout          0x0800315c   Section        0  stm32f1xx_hal_i2c.o(i.I2C_WaitOnBTFFlagUntilTimeout)
    I2C_WaitOnBTFFlagUntilTimeout            0x0800315d   Thumb Code    86  stm32f1xx_hal_i2c.o(i.I2C_WaitOnBTFFlagUntilTimeout)
    i.I2C_WaitOnFlagUntilTimeout             0x080031b4   Section        0  stm32f1xx_hal_i2c.o(i.I2C_WaitOnFlagUntilTimeout)
    I2C_WaitOnFlagUntilTimeout               0x080031b5   Thumb Code   144  stm32f1xx_hal_i2c.o(i.I2C_WaitOnFlagUntilTimeout)
    i.I2C_WaitOnMasterAddressFlagUntilTimeout 0x08003244   Section        0  stm32f1xx_hal_i2c.o(i.I2C_WaitOnMasterAddressFlagUntilTimeout)
    I2C_WaitOnMasterAddressFlagUntilTimeout  0x08003245   Thumb Code   188  stm32f1xx_hal_i2c.o(i.I2C_WaitOnMasterAddressFlagUntilTimeout)
    i.I2C_WaitOnRXNEFlagUntilTimeout         0x08003300   Section        0  stm32f1xx_hal_i2c.o(i.I2C_WaitOnRXNEFlagUntilTimeout)
    I2C_WaitOnRXNEFlagUntilTimeout           0x08003301   Thumb Code   110  stm32f1xx_hal_i2c.o(i.I2C_WaitOnRXNEFlagUntilTimeout)
    i.I2C_WaitOnTXEFlagUntilTimeout          0x0800336e   Section        0  stm32f1xx_hal_i2c.o(i.I2C_WaitOnTXEFlagUntilTimeout)
    I2C_WaitOnTXEFlagUntilTimeout            0x0800336f   Thumb Code    86  stm32f1xx_hal_i2c.o(i.I2C_WaitOnTXEFlagUntilTimeout)
    i.MX_GPIO_Init                           0x080033c4   Section        0  main.o(i.MX_GPIO_Init)
    MX_GPIO_Init                             0x080033c5   Thumb Code    80  main.o(i.MX_GPIO_Init)
    i.MX_TIM1_Init                           0x0800341c   Section        0  main.o(i.MX_TIM1_Init)
    MX_TIM1_Init                             0x0800341d   Thumb Code    98  main.o(i.MX_TIM1_Init)
    i.MX_TIM2_Init                           0x08003488   Section        0  main.o(i.MX_TIM2_Init)
    MX_TIM2_Init                             0x08003489   Thumb Code    98  main.o(i.MX_TIM2_Init)
    i.MemManage_Handler                      0x080034f0   Section        0  stm32f1xx_it.o(i.MemManage_Handler)
    i.NMI_Handler                            0x080034f2   Section        0  stm32f1xx_it.o(i.NMI_Handler)
    i.PendSV_Handler                         0x080034f4   Section        0  stm32f1xx_it.o(i.PendSV_Handler)
    i.RTC_Init                               0x080034f6   Section        0  rtc.o(i.RTC_Init)
    i.RTC_ReadTime                           0x080034fa   Section        0  rtc.o(i.RTC_ReadTime)
    i.RTC_WriteTime                          0x0800356c   Section        0  rtc.o(i.RTC_WriteTime)
    i.SVC_Handler                            0x080035d0   Section        0  stm32f1xx_it.o(i.SVC_Handler)
    i.SysTick_Handler                        0x080035d2   Section        0  stm32f1xx_it.o(i.SysTick_Handler)
    i.SystemClock_Config                     0x080035d6   Section        0  main.o(i.SystemClock_Config)
    i.SystemInit                             0x08003626   Section        0  system_stm32f1xx.o(i.SystemInit)
    i.TIM2_IRQHandler                        0x08003628   Section        0  stm32f1xx_it.o(i.TIM2_IRQHandler)
    i.TIM_Base_SetConfig                     0x08003634   Section        0  stm32f1xx_hal_tim.o(i.TIM_Base_SetConfig)
    i.TIM_ETR_SetConfig                      0x080036a0   Section        0  stm32f1xx_hal_tim.o(i.TIM_ETR_SetConfig)
    i.TIM_ITRx_SetConfig                     0x080036b4   Section        0  stm32f1xx_hal_tim.o(i.TIM_ITRx_SetConfig)
    TIM_ITRx_SetConfig                       0x080036b5   Thumb Code    16  stm32f1xx_hal_tim.o(i.TIM_ITRx_SetConfig)
    i.TIM_TI1_ConfigInputStage               0x080036c4   Section        0  stm32f1xx_hal_tim.o(i.TIM_TI1_ConfigInputStage)
    TIM_TI1_ConfigInputStage                 0x080036c5   Thumb Code    34  stm32f1xx_hal_tim.o(i.TIM_TI1_ConfigInputStage)
    i.TIM_TI2_ConfigInputStage               0x080036e6   Section        0  stm32f1xx_hal_tim.o(i.TIM_TI2_ConfigInputStage)
    TIM_TI2_ConfigInputStage                 0x080036e7   Thumb Code    36  stm32f1xx_hal_tim.o(i.TIM_TI2_ConfigInputStage)
    i.UART_SetConfig                         0x0800370c   Section        0  stm32f1xx_hal_uart.o(i.UART_SetConfig)
    UART_SetConfig                           0x0800370d   Thumb Code   136  stm32f1xx_hal_uart.o(i.UART_SetConfig)
    i.UART_WaitOnFlagUntilTimeout            0x08003798   Section        0  stm32f1xx_hal_uart.o(i.UART_WaitOnFlagUntilTimeout)
    UART_WaitOnFlagUntilTimeout              0x08003799   Thumb Code   116  stm32f1xx_hal_uart.o(i.UART_WaitOnFlagUntilTimeout)
    i.UsageFault_Handler                     0x0800380c   Section        0  stm32f1xx_it.o(i.UsageFault_Handler)
    i.__ARM_fpclassify                       0x0800380e   Section        0  fpclassify.o(i.__ARM_fpclassify)
    i.__NVIC_SetPriority                     0x08003838   Section        0  stm32f1xx_hal_cortex.o(i.__NVIC_SetPriority)
    __NVIC_SetPriority                       0x08003839   Thumb Code    22  stm32f1xx_hal_cortex.o(i.__NVIC_SetPriority)
    i._is_digit                              0x08003858   Section        0  __printf_wp.o(i._is_digit)
    i.btn_press_short_callback               0x08003868   Section        0  main.o(i.btn_press_short_callback)
    i.btn_press_timeout_callback             0x08003c8c   Section        0  button.o(i.btn_press_timeout_callback)
    i.btn_pressing_callback                  0x08003c8e   Section        0  button.o(i.btn_pressing_callback)
    i.btn_release_callback                   0x08003c90   Section        0  button.o(i.btn_release_callback)
    i.button_handle                          0x08003c92   Section        0  button.o(i.button_handle)
    i.button_init                            0x08003d22   Section        0  button.o(i.button_init)
    i.check_alarm                            0x08003d28   Section        0  main.o(i.check_alarm)
    i.display_handle                         0x08003d74   Section        0  main.o(i.display_handle)
    i.lcd_backlight_off                      0x080046dc   Section        0  liquidcrystal_i2c.o(i.lcd_backlight_off)
    i.lcd_backlight_on                       0x080046f8   Section        0  liquidcrystal_i2c.o(i.lcd_backlight_on)
    i.lcd_clear_display                      0x08004714   Section        0  liquidcrystal_i2c.o(i.lcd_clear_display)
    i.lcd_init                               0x08004726   Section        0  liquidcrystal_i2c.o(i.lcd_init)
    i.lcd_printf                             0x0800478c   Section        0  liquidcrystal_i2c.o(i.lcd_printf)
    i.lcd_send_cmd                           0x080047c6   Section        0  liquidcrystal_i2c.o(i.lcd_send_cmd)
    lcd_send_cmd                             0x080047c7   Thumb Code    64  liquidcrystal_i2c.o(i.lcd_send_cmd)
    i.lcd_send_data                          0x08004806   Section        0  liquidcrystal_i2c.o(i.lcd_send_data)
    lcd_send_data                            0x08004807   Thumb Code    72  liquidcrystal_i2c.o(i.lcd_send_data)
    i.lcd_set_cursor                         0x08004850   Section        0  liquidcrystal_i2c.o(i.lcd_set_cursor)
    i.lcd_set_cursor_blink_off               0x08004870   Section        0  liquidcrystal_i2c.o(i.lcd_set_cursor_blink_off)
    i.main                                   0x08004880   Section        0  main.o(i.main)
    i.timer_handle                           0x080049e4   Section        0  main.o(i.timer_handle)
    locale$$code                             0x08004a1c   Section       44  lc_numeric_c.o(locale$$code)
    locale$$code                             0x08004a48   Section       44  lc_ctype_c.o(locale$$code)
    x$fpl$printf1                            0x08004a74   Section        4  printf1.o(x$fpl$printf1)
    x$fpl$printf2                            0x08004a78   Section        4  printf2.o(x$fpl$printf2)
    .constdata                               0x08004a7c   Section       18  stm32f1xx_hal_rcc.o(.constdata)
    x$fpl$usenofp                            0x08004a7c   Section        0  usenofp.o(x$fpl$usenofp)
    aPredivFactorTable                       0x08004a7c   Data           2  stm32f1xx_hal_rcc.o(.constdata)
    aPLLMULFactorTable                       0x08004a7e   Data          16  stm32f1xx_hal_rcc.o(.constdata)
    .constdata                               0x08004a8e   Section       16  system_stm32f1xx.o(.constdata)
    .constdata                               0x08004a9e   Section        8  system_stm32f1xx.o(.constdata)
    .constdata                               0x08004aa8   Section        8  _printf_wctomb.o(.constdata)
    initial_mbstate                          0x08004aa8   Data           8  _printf_wctomb.o(.constdata)
    .constdata                               0x08004ab0   Section       40  _printf_hex_int_ll_ptr.o(.constdata)
    uc_hextab                                0x08004ab0   Data          20  _printf_hex_int_ll_ptr.o(.constdata)
    lc_hextab                                0x08004ac4   Data          20  _printf_hex_int_ll_ptr.o(.constdata)
    .constdata                               0x08004ad8   Section       17  __printf_flags_ss_wp.o(.constdata)
    maptable                                 0x08004ad8   Data          17  __printf_flags_ss_wp.o(.constdata)
    .constdata                               0x08004ae9   Section       38  _printf_fp_hex.o(.constdata)
    lc_hextab                                0x08004ae9   Data          19  _printf_fp_hex.o(.constdata)
    uc_hextab                                0x08004afc   Data          19  _printf_fp_hex.o(.constdata)
    .constdata                               0x08004b10   Section      148  bigflt0.o(.constdata)
    tenpwrs_x                                0x08004b10   Data          60  bigflt0.o(.constdata)
    tenpwrs_i                                0x08004b4c   Data          64  bigflt0.o(.constdata)
    locale$$data                             0x08004bc4   Section       28  lc_numeric_c.o(locale$$data)
    __lcnum_c_name                           0x08004bc8   Data           2  lc_numeric_c.o(locale$$data)
    __lcnum_c_start                          0x08004bd0   Data           0  lc_numeric_c.o(locale$$data)
    __lcnum_c_point                          0x08004bdc   Data           0  lc_numeric_c.o(locale$$data)
    __lcnum_c_thousands                      0x08004bde   Data           0  lc_numeric_c.o(locale$$data)
    __lcnum_c_grouping                       0x08004bdf   Data           0  lc_numeric_c.o(locale$$data)
    locale$$data                             0x08004be0   Section      272  lc_ctype_c.o(locale$$data)
    __lcnum_c_end                            0x08004be0   Data           0  lc_numeric_c.o(locale$$data)
    __lcctype_c_name                         0x08004be4   Data           2  lc_ctype_c.o(locale$$data)
    __lcctype_c_start                        0x08004bec   Data           0  lc_ctype_c.o(locale$$data)
    __lcctype_c_end                          0x08004cf0   Data           0  lc_ctype_c.o(locale$$data)
    .data                                    0x20000000   Section       28  main.o(.data)
    .data                                    0x2000001c   Section       12  stm32f1xx_hal.o(.data)
    .data                                    0x20000028   Section        4  system_stm32f1xx.o(.data)
    .data                                    0x2000002c   Section       10  dfplayer.o(.data)
    .bss                                     0x20000038   Section      412  main.o(.bss)
    .bss                                     0x200001d4   Section       96  libspace.o(.bss)
    HEAP                                     0x20000238   Section      512  startup_stm32f103xb.o(HEAP)
    Heap_Mem                                 0x20000238   Data         512  startup_stm32f103xb.o(HEAP)
    STACK                                    0x20000438   Section     1024  startup_stm32f103xb.o(STACK)
    Stack_Mem                                0x20000438   Data        1024  startup_stm32f103xb.o(STACK)
    __initial_sp                             0x20000838   Data           0  startup_stm32f103xb.o(STACK)

    Global Symbols

    Symbol Name                              Value     Ov Type        Size  Object(Section)

    BuildAttributes$$THM_ISAv4$P$D$K$B$S$PE$A:L22UL41UL21$X:L11$S22US41US21$IEEE1$IW$USESV6$~STKCKD$USESV7$~SHL$OTIME$ROPI$IEEEJ$EBA8$UX$STANDARDLIB$REQ8$PRES8$EABIv2 0x00000000   Number         0  anon$$obj.o ABSOLUTE
    __ARM_use_no_argv                        0x00000000   Number         0  main.o ABSOLUTE
    _printf_flags                            0x00000000   Number         0  printf_stubs.o ABSOLUTE
    _printf_return_value                     0x00000000   Number         0  printf_stubs.o ABSOLUTE
    _printf_sizespec                         0x00000000   Number         0  printf_stubs.o ABSOLUTE
    _printf_widthprec                        0x00000000   Number         0  printf_stubs.o ABSOLUTE
    __ARM_exceptions_init                     - Undefined Weak Reference
    __alloca_initialize                       - Undefined Weak Reference
    __cpp_initialize__aeabi_                  - Undefined Weak Reference
    __cxa_finalize                            - Undefined Weak Reference
    __sigvec_lookup                           - Undefined Weak Reference
    _atexit_init                              - Undefined Weak Reference
    _call_atexit_fns                          - Undefined Weak Reference
    _clock_init                               - Undefined Weak Reference
    _fp_trap_init                             - Undefined Weak Reference
    _fp_trap_shutdown                         - Undefined Weak Reference
    _get_lc_collate                           - Undefined Weak Reference
    _get_lc_monetary                          - Undefined Weak Reference
    _get_lc_time                              - Undefined Weak Reference
    _getenv_init                              - Undefined Weak Reference
    _handle_redirection                       - Undefined Weak Reference
    _init_alloc                               - Undefined Weak Reference
    _init_user_alloc                          - Undefined Weak Reference
    _initio                                   - Undefined Weak Reference
    _printf_mbtowc                            - Undefined Weak Reference
    _printf_wc                                - Undefined Weak Reference
    _rand_init                                - Undefined Weak Reference
    _signal_finish                            - Undefined Weak Reference
    _signal_init                              - Undefined Weak Reference
    _terminate_alloc                          - Undefined Weak Reference
    _terminate_user_alloc                     - Undefined Weak Reference
    _terminateio                              - Undefined Weak Reference
    __Vectors_Size                           0x000000ec   Number         0  startup_stm32f103xb.o ABSOLUTE
    __Vectors                                0x08000000   Data           4  startup_stm32f103xb.o(RESET)
    __Vectors_End                            0x080000ec   Data           0  startup_stm32f103xb.o(RESET)
    __main                                   0x080000ed   Thumb Code     8  __main.o(!!!main)
    __scatterload                            0x080000f5   Thumb Code     0  __scatter.o(!!!scatter)
    __scatterload_rt2                        0x080000f5   Thumb Code    44  __scatter.o(!!!scatter)
    __scatterload_rt2_thumb_only             0x080000f5   Thumb Code     0  __scatter.o(!!!scatter)
    __scatterload_null                       0x08000103   Thumb Code     0  __scatter.o(!!!scatter)
    __scatterload_copy                       0x08000129   Thumb Code    26  __scatter_copy.o(!!handler_copy)
    __scatterload_zeroinit                   0x08000145   Thumb Code    28  __scatter_zi.o(!!handler_zi)
    _printf_n                                0x08000161   Thumb Code     0  _printf_n.o(.ARM.Collect$$_printf_percent$$00000001)
    _printf_percent                          0x08000161   Thumb Code     0  _printf_percent.o(.ARM.Collect$$_printf_percent$$00000000)
    _printf_p                                0x08000167   Thumb Code     0  _printf_p.o(.ARM.Collect$$_printf_percent$$00000002)
    _printf_f                                0x0800016d   Thumb Code     0  _printf_f.o(.ARM.Collect$$_printf_percent$$00000003)
    _printf_e                                0x08000173   Thumb Code     0  _printf_e.o(.ARM.Collect$$_printf_percent$$00000004)
    _printf_g                                0x08000179   Thumb Code     0  _printf_g.o(.ARM.Collect$$_printf_percent$$00000005)
    _printf_a                                0x0800017f   Thumb Code     0  _printf_a.o(.ARM.Collect$$_printf_percent$$00000006)
    _printf_ll                               0x08000185   Thumb Code     0  _printf_ll.o(.ARM.Collect$$_printf_percent$$00000007)
    _printf_i                                0x0800018f   Thumb Code     0  _printf_i.o(.ARM.Collect$$_printf_percent$$00000008)
    _printf_d                                0x08000195   Thumb Code     0  _printf_d.o(.ARM.Collect$$_printf_percent$$00000009)
    _printf_u                                0x0800019b   Thumb Code     0  _printf_u.o(.ARM.Collect$$_printf_percent$$0000000A)
    _printf_o                                0x080001a1   Thumb Code     0  _printf_o.o(.ARM.Collect$$_printf_percent$$0000000B)
    _printf_x                                0x080001a7   Thumb Code     0  _printf_x.o(.ARM.Collect$$_printf_percent$$0000000C)
    _printf_lli                              0x080001ad   Thumb Code     0  _printf_lli.o(.ARM.Collect$$_printf_percent$$0000000D)
    _printf_lld                              0x080001b3   Thumb Code     0  _printf_lld.o(.ARM.Collect$$_printf_percent$$0000000E)
    _printf_llu                              0x080001b9   Thumb Code     0  _printf_llu.o(.ARM.Collect$$_printf_percent$$0000000F)
    _printf_llo                              0x080001bf   Thumb Code     0  _printf_llo.o(.ARM.Collect$$_printf_percent$$00000010)
    _printf_llx                              0x080001c5   Thumb Code     0  _printf_llx.o(.ARM.Collect$$_printf_percent$$00000011)
    _printf_l                                0x080001cb   Thumb Code     0  _printf_l.o(.ARM.Collect$$_printf_percent$$00000012)
    _printf_c                                0x080001d5   Thumb Code     0  _printf_c.o(.ARM.Collect$$_printf_percent$$00000013)
    _printf_s                                0x080001db   Thumb Code     0  _printf_s.o(.ARM.Collect$$_printf_percent$$00000014)
    _printf_lc                               0x080001e1   Thumb Code     0  _printf_lc.o(.ARM.Collect$$_printf_percent$$00000015)
    _printf_ls                               0x080001e7   Thumb Code     0  _printf_ls.o(.ARM.Collect$$_printf_percent$$00000016)
    _printf_percent_end                      0x080001ed   Thumb Code     0  _printf_percent_end.o(.ARM.Collect$$_printf_percent$$00000017)
    __rt_lib_init                            0x080001f1   Thumb Code     0  libinit.o(.ARM.Collect$$libinit$$00000000)
    __rt_lib_init_fp_1                       0x080001f3   Thumb Code     0  libinit2.o(.ARM.Collect$$libinit$$00000002)
    __rt_lib_init_heap_1                     0x080001f3   Thumb Code     0  libinit2.o(.ARM.Collect$$libinit$$00000008)
    __rt_lib_init_lc_common                  0x080001f3   Thumb Code     0  libinit2.o(.ARM.Collect$$libinit$$0000000D)
    __rt_lib_init_rand_1                     0x080001f3   Thumb Code     0  libinit2.o(.ARM.Collect$$libinit$$0000000C)
    __rt_lib_init_user_alloc_1               0x080001f3   Thumb Code     0  libinit2.o(.ARM.Collect$$libinit$$0000000A)
    __rt_lib_init_lc_collate_1               0x080001f9   Thumb Code     0  libinit2.o(.ARM.Collect$$libinit$$0000000F)
    __rt_lib_init_lc_ctype_2                 0x080001f9   Thumb Code     0  libinit2.o(.ARM.Collect$$libinit$$00000010)
    __rt_lib_init_lc_ctype_1                 0x08000205   Thumb Code     0  libinit2.o(.ARM.Collect$$libinit$$00000011)
    __rt_lib_init_lc_monetary_1              0x08000205   Thumb Code     0  libinit2.o(.ARM.Collect$$libinit$$00000013)
    __rt_lib_init_lc_numeric_2               0x08000205   Thumb Code     0  libinit2.o(.ARM.Collect$$libinit$$00000014)
    __rt_lib_init_alloca_1                   0x0800020f   Thumb Code     0  libinit2.o(.ARM.Collect$$libinit$$0000002C)
    __rt_lib_init_argv_1                     0x0800020f   Thumb Code     0  libinit2.o(.ARM.Collect$$libinit$$0000002A)
    __rt_lib_init_atexit_1                   0x0800020f   Thumb Code     0  libinit2.o(.ARM.Collect$$libinit$$00000019)
    __rt_lib_init_clock_1                    0x0800020f   Thumb Code     0  libinit2.o(.ARM.Collect$$libinit$$0000001F)
    __rt_lib_init_cpp_1                      0x0800020f   Thumb Code     0  libinit2.o(.ARM.Collect$$libinit$$00000030)
    __rt_lib_init_exceptions_1               0x0800020f   Thumb Code     0  libinit2.o(.ARM.Collect$$libinit$$0000002E)
    __rt_lib_init_fp_trap_1                  0x0800020f   Thumb Code     0  libinit2.o(.ARM.Collect$$libinit$$0000001D)
    __rt_lib_init_getenv_1                   0x0800020f   Thumb Code     0  libinit2.o(.ARM.Collect$$libinit$$00000021)
    __rt_lib_init_lc_numeric_1               0x0800020f   Thumb Code     0  libinit2.o(.ARM.Collect$$libinit$$00000015)
    __rt_lib_init_lc_time_1                  0x0800020f   Thumb Code     0  libinit2.o(.ARM.Collect$$libinit$$00000017)
    __rt_lib_init_return                     0x0800020f   Thumb Code     0  libinit2.o(.ARM.Collect$$libinit$$00000031)
    __rt_lib_init_signal_1                   0x0800020f   Thumb Code     0  libinit2.o(.ARM.Collect$$libinit$$0000001B)
    __rt_lib_init_stdio_1                    0x0800020f   Thumb Code     0  libinit2.o(.ARM.Collect$$libinit$$00000023)
    __rt_lib_shutdown                        0x08000211   Thumb Code     0  libshutdown.o(.ARM.Collect$$libshutdown$$00000000)
    __rt_lib_shutdown_fp_trap_1              0x08000213   Thumb Code     0  libshutdown2.o(.ARM.Collect$$libshutdown$$00000006)
    __rt_lib_shutdown_heap_1                 0x08000213   Thumb Code     0  libshutdown2.o(.ARM.Collect$$libshutdown$$0000000E)
    __rt_lib_shutdown_return                 0x08000213   Thumb Code     0  libshutdown2.o(.ARM.Collect$$libshutdown$$0000000F)
    __rt_lib_shutdown_signal_1               0x08000213   Thumb Code     0  libshutdown2.o(.ARM.Collect$$libshutdown$$00000009)
    __rt_lib_shutdown_stdio_1                0x08000213   Thumb Code     0  libshutdown2.o(.ARM.Collect$$libshutdown$$00000003)
    __rt_lib_shutdown_user_alloc_1           0x08000213   Thumb Code     0  libshutdown2.o(.ARM.Collect$$libshutdown$$0000000B)
    __rt_entry                               0x08000215   Thumb Code     0  rtentry.o(.ARM.Collect$$rtentry$$00000000)
    __rt_entry_presh_1                       0x08000215   Thumb Code     0  rtentry2.o(.ARM.Collect$$rtentry$$00000002)
    __rt_entry_sh                            0x08000215   Thumb Code     0  rtentry4.o(.ARM.Collect$$rtentry$$00000004)
    __rt_entry_li                            0x0800021b   Thumb Code     0  rtentry2.o(.ARM.Collect$$rtentry$$0000000A)
    __rt_entry_postsh_1                      0x0800021b   Thumb Code     0  rtentry2.o(.ARM.Collect$$rtentry$$00000009)
    __rt_entry_main                          0x0800021f   Thumb Code     0  rtentry2.o(.ARM.Collect$$rtentry$$0000000D)
    __rt_entry_postli_1                      0x0800021f   Thumb Code     0  rtentry2.o(.ARM.Collect$$rtentry$$0000000C)
    __rt_exit                                0x08000227   Thumb Code     0  rtexit.o(.ARM.Collect$$rtexit$$00000000)
    __rt_exit_ls                             0x08000229   Thumb Code     0  rtexit2.o(.ARM.Collect$$rtexit$$00000003)
    __rt_exit_prels_1                        0x08000229   Thumb Code     0  rtexit2.o(.ARM.Collect$$rtexit$$00000002)
    __rt_exit_exit                           0x0800022d   Thumb Code     0  rtexit2.o(.ARM.Collect$$rtexit$$00000004)
    Reset_Handler                            0x08000235   Thumb Code     8  startup_stm32f103xb.o(.text)
    ADC1_2_IRQHandler                        0x0800024f   Thumb Code     0  startup_stm32f103xb.o(.text)
    CAN1_RX1_IRQHandler                      0x0800024f   Thumb Code     0  startup_stm32f103xb.o(.text)
    CAN1_SCE_IRQHandler                      0x0800024f   Thumb Code     0  startup_stm32f103xb.o(.text)
    DMA1_Channel1_IRQHandler                 0x0800024f   Thumb Code     0  startup_stm32f103xb.o(.text)
    DMA1_Channel2_IRQHandler                 0x0800024f   Thumb Code     0  startup_stm32f103xb.o(.text)
    DMA1_Channel3_IRQHandler                 0x0800024f   Thumb Code     0  startup_stm32f103xb.o(.text)
    DMA1_Channel4_IRQHandler                 0x0800024f   Thumb Code     0  startup_stm32f103xb.o(.text)
    DMA1_Channel5_IRQHandler                 0x0800024f   Thumb Code     0  startup_stm32f103xb.o(.text)
    DMA1_Channel6_IRQHandler                 0x0800024f   Thumb Code     0  startup_stm32f103xb.o(.text)
    DMA1_Channel7_IRQHandler                 0x0800024f   Thumb Code     0  startup_stm32f103xb.o(.text)
    EXTI0_IRQHandler                         0x0800024f   Thumb Code     0  startup_stm32f103xb.o(.text)
    EXTI15_10_IRQHandler                     0x0800024f   Thumb Code     0  startup_stm32f103xb.o(.text)
    EXTI1_IRQHandler                         0x0800024f   Thumb Code     0  startup_stm32f103xb.o(.text)
    EXTI2_IRQHandler                         0x0800024f   Thumb Code     0  startup_stm32f103xb.o(.text)
    EXTI3_IRQHandler                         0x0800024f   Thumb Code     0  startup_stm32f103xb.o(.text)
    EXTI4_IRQHandler                         0x0800024f   Thumb Code     0  startup_stm32f103xb.o(.text)
    EXTI9_5_IRQHandler                       0x0800024f   Thumb Code     0  startup_stm32f103xb.o(.text)
    FLASH_IRQHandler                         0x0800024f   Thumb Code     0  startup_stm32f103xb.o(.text)
    I2C1_ER_IRQHandler                       0x0800024f   Thumb Code     0  startup_stm32f103xb.o(.text)
    I2C1_EV_IRQHandler                       0x0800024f   Thumb Code     0  startup_stm32f103xb.o(.text)
    I2C2_ER_IRQHandler                       0x0800024f   Thumb Code     0  startup_stm32f103xb.o(.text)
    I2C2_EV_IRQHandler                       0x0800024f   Thumb Code     0  startup_stm32f103xb.o(.text)
    PVD_IRQHandler                           0x0800024f   Thumb Code     0  startup_stm32f103xb.o(.text)
    RCC_IRQHandler                           0x0800024f   Thumb Code     0  startup_stm32f103xb.o(.text)
    RTC_Alarm_IRQHandler                     0x0800024f   Thumb Code     0  startup_stm32f103xb.o(.text)
    RTC_IRQHandler                           0x0800024f   Thumb Code     0  startup_stm32f103xb.o(.text)
    SPI1_IRQHandler                          0x0800024f   Thumb Code     0  startup_stm32f103xb.o(.text)
    SPI2_IRQHandler                          0x0800024f   Thumb Code     0  startup_stm32f103xb.o(.text)
    TAMPER_IRQHandler                        0x0800024f   Thumb Code     0  startup_stm32f103xb.o(.text)
    TIM1_BRK_IRQHandler                      0x0800024f   Thumb Code     0  startup_stm32f103xb.o(.text)
    TIM1_CC_IRQHandler                       0x0800024f   Thumb Code     0  startup_stm32f103xb.o(.text)
    TIM1_TRG_COM_IRQHandler                  0x0800024f   Thumb Code     0  startup_stm32f103xb.o(.text)
    TIM1_UP_IRQHandler                       0x0800024f   Thumb Code     0  startup_stm32f103xb.o(.text)
    TIM3_IRQHandler                          0x0800024f   Thumb Code     0  startup_stm32f103xb.o(.text)
    TIM4_IRQHandler                          0x0800024f   Thumb Code     0  startup_stm32f103xb.o(.text)
    USART1_IRQHandler                        0x0800024f   Thumb Code     0  startup_stm32f103xb.o(.text)
    USART2_IRQHandler                        0x0800024f   Thumb Code     0  startup_stm32f103xb.o(.text)
    USART3_IRQHandler                        0x0800024f   Thumb Code     0  startup_stm32f103xb.o(.text)
    USBWakeUp_IRQHandler                     0x0800024f   Thumb Code     0  startup_stm32f103xb.o(.text)
    USB_HP_CAN1_TX_IRQHandler                0x0800024f   Thumb Code     0  startup_stm32f103xb.o(.text)
    USB_LP_CAN1_RX0_IRQHandler               0x0800024f   Thumb Code     0  startup_stm32f103xb.o(.text)
    WWDG_IRQHandler                          0x0800024f   Thumb Code     0  startup_stm32f103xb.o(.text)
    __user_initial_stackheap                 0x08000251   Thumb Code     0  startup_stm32f103xb.o(.text)
    vsprintf                                 0x08000275   Thumb Code    32  vsprintf.o(.text)
    strlen                                   0x08000299   Thumb Code    62  strlen.o(.text)
    __aeabi_memclr4                          0x080002d7   Thumb Code     0  rt_memclr_w.o(.text)
    __aeabi_memclr8                          0x080002d7   Thumb Code     0  rt_memclr_w.o(.text)
    __rt_memclr_w                            0x080002d7   Thumb Code    78  rt_memclr_w.o(.text)
    _memset_w                                0x080002db   Thumb Code     0  rt_memclr_w.o(.text)
    __use_two_region_memory                  0x08000325   Thumb Code     2  heapauxi.o(.text)
    __rt_heap_escrow$2region                 0x08000327   Thumb Code     2  heapauxi.o(.text)
    __rt_heap_expand$2region                 0x08000329   Thumb Code     2  heapauxi.o(.text)
    _printf_pre_padding                      0x0800032b   Thumb Code    46  _printf_pad.o(.text)
    _printf_post_padding                     0x08000359   Thumb Code    36  _printf_pad.o(.text)
    _printf_truncate_signed                  0x0800037d   Thumb Code    18  _printf_truncate.o(.text)
    _printf_truncate_unsigned                0x0800038f   Thumb Code    18  _printf_truncate.o(.text)
    _printf_str                              0x080003a1   Thumb Code    82  _printf_str.o(.text)
    _printf_int_dec                          0x080003f5   Thumb Code   102  _printf_dec.o(.text)
    _printf_charcount                        0x0800046d   Thumb Code    42  _printf_charcount.o(.text)
    _printf_char_common                      0x080004a3   Thumb Code    32  _printf_char_common.o(.text)
    _sputc                                   0x080004c9   Thumb Code    10  _sputc.o(.text)
    _printf_wctomb                           0x080004d5   Thumb Code   182  _printf_wctomb.o(.text)
    _printf_longlong_dec                     0x08000591   Thumb Code   104  _printf_longlong_dec.o(.text)
    _printf_longlong_oct                     0x08000609   Thumb Code    76  _printf_oct_int_ll.o(.text)
    _printf_int_oct                          0x08000655   Thumb Code    24  _printf_oct_int_ll.o(.text)
    _printf_ll_oct                           0x0800066d   Thumb Code    12  _printf_oct_int_ll.o(.text)
    _printf_longlong_hex                     0x08000681   Thumb Code    92  _printf_hex_int_ll_ptr.o(.text)
    _printf_int_hex                          0x080006dd   Thumb Code    28  _printf_hex_int_ll_ptr.o(.text)
    _printf_ll_hex                           0x080006f9   Thumb Code    12  _printf_hex_int_ll_ptr.o(.text)
    _printf_hex_ptr                          0x08000705   Thumb Code    18  _printf_hex_int_ll_ptr.o(.text)
    __printf                                 0x0800071d   Thumb Code   390  __printf_flags_ss_wp.o(.text)
    _ll_udiv10                               0x080008a9   Thumb Code   138  lludiv10.o(.text)
    _printf_int_common                       0x08000933   Thumb Code   184  _printf_intcommon.o(.text)
    __lib_sel_fp_printf                      0x080009eb   Thumb Code     2  _printf_fp_dec.o(.text)
    _printf_fp_dec_real                      0x08000b97   Thumb Code   628  _printf_fp_dec.o(.text)
    _printf_fp_hex_real                      0x08000e0d   Thumb Code   760  _printf_fp_hex.o(.text)
    _printf_cs_common                        0x0800110d   Thumb Code    20  _printf_char.o(.text)
    _printf_char                             0x08001121   Thumb Code    16  _printf_char.o(.text)
    _printf_string                           0x08001131   Thumb Code     8  _printf_char.o(.text)
    _printf_lcs_common                       0x08001139   Thumb Code    20  _printf_wchar.o(.text)
    _printf_wchar                            0x0800114d   Thumb Code    16  _printf_wchar.o(.text)
    _printf_wstring                          0x0800115d   Thumb Code     8  _printf_wchar.o(.text)
    _wcrtomb                                 0x08001165   Thumb Code    64  _wcrtomb.o(.text)
    __user_setup_stackheap                   0x080011a5   Thumb Code    74  sys_stackheap_outer.o(.text)
    __rt_ctype_table                         0x080011f1   Thumb Code    16  rt_ctype_table.o(.text)
    __rt_locale                              0x08001201   Thumb Code     8  rt_locale_intlibspace.o(.text)
    _printf_fp_infnan                        0x08001209   Thumb Code   112  _printf_fp_infnan.o(.text)
    _btod_etento                             0x08001289   Thumb Code   222  bigflt0.o(.text)
    exit                                     0x0800136d   Thumb Code    12  exit.o(.text)
    __user_libspace                          0x08001379   Thumb Code     8  libspace.o(.text)
    __user_perproc_libspace                  0x08001379   Thumb Code     0  libspace.o(.text)
    __user_perthread_libspace                0x08001379   Thumb Code     0  libspace.o(.text)
    strcmp                                   0x08001381   Thumb Code   128  strcmpv7m.o(.text)
    _sys_exit                                0x08001401   Thumb Code     8  sys_exit.o(.text)
    __I$use$semihosting                      0x0800140d   Thumb Code     0  use_no_semi.o(.text)
    __use_no_semihosting_swi                 0x0800140d   Thumb Code     2  use_no_semi.o(.text)
    __semihosting_library_function           0x0800140f   Thumb Code     0  indicate_semi.o(.text)
    _btod_d2e                                0x0800140f   Thumb Code    62  btod.o(CL$$btod_d2e)
    _d2e_denorm_low                          0x0800144d   Thumb Code    70  btod.o(CL$$btod_d2e_denorm_low)
    _d2e_norm_op1                            0x08001493   Thumb Code    96  btod.o(CL$$btod_d2e_norm_op1)
    __btod_div_common                        0x080014f3   Thumb Code   696  btod.o(CL$$btod_div_common)
    _e2e                                     0x0800182b   Thumb Code   198  btod.o(CL$$btod_e2e)
    _btod_ediv                               0x080018f1   Thumb Code    40  btod.o(CL$$btod_ediv)
    _btod_emul                               0x08001919   Thumb Code    40  btod.o(CL$$btod_emul)
    __btod_mult_common                       0x08001941   Thumb Code   580  btod.o(CL$$btod_mult_common)
    BCD2Decimal                              0x08001b85   Thumb Code    18  rtc.o(i.BCD2Decimal)
    BusFault_Handler                         0x08001b97   Thumb Code     2  stm32f1xx_it.o(i.BusFault_Handler)
    DFPLAYER_Init                            0x08001b99   Thumb Code    22  dfplayer.o(i.DFPLAYER_Init)
    DFPLAYER_PlayTrack                       0x08001bb5   Thumb Code    10  dfplayer.o(i.DFPLAYER_PlayTrack)
    DFPLAYER_SetVolume                       0x08001c03   Thumb Code    10  dfplayer.o(i.DFPLAYER_SetVolume)
    DFPLAYER_Stop                            0x08001c0d   Thumb Code    10  dfplayer.o(i.DFPLAYER_Stop)
    DebugMon_Handler                         0x08001c17   Thumb Code     2  stm32f1xx_it.o(i.DebugMon_Handler)
    Decimal2BCD                              0x08001c19   Thumb Code    18  rtc.o(i.Decimal2BCD)
    HAL_Delay                                0x08001c2d   Thumb Code    32  stm32f1xx_hal.o(i.HAL_Delay)
    HAL_GPIO_Init                            0x08001c51   Thumb Code   440  stm32f1xx_hal_gpio.o(i.HAL_GPIO_Init)
    HAL_GPIO_ReadPin                         0x08001e29   Thumb Code    10  stm32f1xx_hal_gpio.o(i.HAL_GPIO_ReadPin)
    HAL_GetTick                              0x08001e35   Thumb Code     6  stm32f1xx_hal.o(i.HAL_GetTick)
    HAL_I2C_Init                             0x08001e41   Thumb Code   364  stm32f1xx_hal_i2c.o(i.HAL_I2C_Init)
    HAL_I2C_Master_Receive                   0x08001fbd   Thumb Code   590  stm32f1xx_hal_i2c.o(i.HAL_I2C_Master_Receive)
    HAL_I2C_Master_Transmit                  0x0800221d   Thumb Code   298  stm32f1xx_hal_i2c.o(i.HAL_I2C_Master_Transmit)
    HAL_I2C_MspInit                          0x08002351   Thumb Code    80  stm32f1xx_hal_msp.o(i.HAL_I2C_MspInit)
    HAL_IncTick                              0x080023ad   Thumb Code    12  stm32f1xx_hal.o(i.HAL_IncTick)
    HAL_Init                                 0x080023bd   Thumb Code    32  stm32f1xx_hal.o(i.HAL_Init)
    HAL_InitTick                             0x080023e1   Thumb Code    54  stm32f1xx_hal.o(i.HAL_InitTick)
    HAL_MspInit                              0x08002421   Thumb Code    58  stm32f1xx_hal_msp.o(i.HAL_MspInit)
    HAL_NVIC_EnableIRQ                       0x08002465   Thumb Code    28  stm32f1xx_hal_cortex.o(i.HAL_NVIC_EnableIRQ)
    HAL_NVIC_SetPriority                     0x08002481   Thumb Code    60  stm32f1xx_hal_cortex.o(i.HAL_NVIC_SetPriority)
    HAL_NVIC_SetPriorityGrouping             0x080024c1   Thumb Code    26  stm32f1xx_hal_cortex.o(i.HAL_NVIC_SetPriorityGrouping)
    HAL_RCC_ClockConfig                      0x080024e5   Thumb Code   280  stm32f1xx_hal_rcc.o(i.HAL_RCC_ClockConfig)
    HAL_RCC_GetPCLK1Freq                     0x08002611   Thumb Code    20  stm32f1xx_hal_rcc.o(i.HAL_RCC_GetPCLK1Freq)
    HAL_RCC_GetPCLK2Freq                     0x08002631   Thumb Code    20  stm32f1xx_hal_rcc.o(i.HAL_RCC_GetPCLK2Freq)
    HAL_RCC_GetSysClockFreq                  0x08002651   Thumb Code    58  stm32f1xx_hal_rcc.o(i.HAL_RCC_GetSysClockFreq)
    HAL_RCC_OscConfig                        0x0800269d   Thumb Code   786  stm32f1xx_hal_rcc.o(i.HAL_RCC_OscConfig)
    HAL_SYSTICK_Config                       0x080029c5   Thumb Code    40  stm32f1xx_hal_cortex.o(i.HAL_SYSTICK_Config)
    HAL_TIMEx_BreakCallback                  0x080029ed   Thumb Code     2  stm32f1xx_hal_tim_ex.o(i.HAL_TIMEx_BreakCallback)
    HAL_TIMEx_CommutCallback                 0x080029ef   Thumb Code     2  stm32f1xx_hal_tim_ex.o(i.HAL_TIMEx_CommutCallback)
    HAL_TIMEx_MasterConfigSynchronization    0x080029f1   Thumb Code    90  stm32f1xx_hal_tim_ex.o(i.HAL_TIMEx_MasterConfigSynchronization)
    HAL_TIM_Base_Init                        0x08002a59   Thumb Code    72  stm32f1xx_hal_tim.o(i.HAL_TIM_Base_Init)
    HAL_TIM_Base_MspInit                     0x08002aa1   Thumb Code    72  stm32f1xx_hal_msp.o(i.HAL_TIM_Base_MspInit)
    HAL_TIM_Base_Start                       0x08002af1   Thumb Code    66  stm32f1xx_hal_tim.o(i.HAL_TIM_Base_Start)
    HAL_TIM_Base_Start_IT                    0x08002b41   Thumb Code    76  stm32f1xx_hal_tim.o(i.HAL_TIM_Base_Start_IT)
    HAL_TIM_Base_Stop_IT                     0x08002b99   Thumb Code    48  stm32f1xx_hal_tim.o(i.HAL_TIM_Base_Stop_IT)
    HAL_TIM_ConfigClockSource                0x08002bc9   Thumb Code   218  stm32f1xx_hal_tim.o(i.HAL_TIM_ConfigClockSource)
    HAL_TIM_IC_CaptureCallback               0x08002ca3   Thumb Code     2  stm32f1xx_hal_tim.o(i.HAL_TIM_IC_CaptureCallback)
    HAL_TIM_IRQHandler                       0x08002ca5   Thumb Code   358  stm32f1xx_hal_tim.o(i.HAL_TIM_IRQHandler)
    HAL_TIM_OC_DelayElapsedCallback          0x08002e0b   Thumb Code     2  stm32f1xx_hal_tim.o(i.HAL_TIM_OC_DelayElapsedCallback)
    HAL_TIM_PWM_PulseFinishedCallback        0x08002e0d   Thumb Code     2  stm32f1xx_hal_tim.o(i.HAL_TIM_PWM_PulseFinishedCallback)
    HAL_TIM_PeriodElapsedCallback            0x08002e11   Thumb Code    26  main.o(i.HAL_TIM_PeriodElapsedCallback)
    HAL_TIM_TriggerCallback                  0x08002e31   Thumb Code     2  stm32f1xx_hal_tim.o(i.HAL_TIM_TriggerCallback)
    HAL_UART_Init                            0x08002e33   Thumb Code   100  stm32f1xx_hal_uart.o(i.HAL_UART_Init)
    HAL_UART_MspInit                         0x08002e99   Thumb Code   100  stm32f1xx_hal_msp.o(i.HAL_UART_MspInit)
    HAL_UART_Transmit                        0x08002f09   Thumb Code   154  stm32f1xx_hal_uart.o(i.HAL_UART_Transmit)
    HardFault_Handler                        0x08002fa3   Thumb Code     2  stm32f1xx_it.o(i.HardFault_Handler)
    MemManage_Handler                        0x080034f1   Thumb Code     2  stm32f1xx_it.o(i.MemManage_Handler)
    NMI_Handler                              0x080034f3   Thumb Code     2  stm32f1xx_it.o(i.NMI_Handler)
    PendSV_Handler                           0x080034f5   Thumb Code     2  stm32f1xx_it.o(i.PendSV_Handler)
    RTC_Init                                 0x080034f7   Thumb Code     4  rtc.o(i.RTC_Init)
    RTC_ReadTime                             0x080034fb   Thumb Code   114  rtc.o(i.RTC_ReadTime)
    RTC_WriteTime                            0x0800356d   Thumb Code   100  rtc.o(i.RTC_WriteTime)
    SVC_Handler                              0x080035d1   Thumb Code     2  stm32f1xx_it.o(i.SVC_Handler)
    SysTick_Handler                          0x080035d3   Thumb Code     4  stm32f1xx_it.o(i.SysTick_Handler)
    SystemClock_Config                       0x080035d7   Thumb Code    80  main.o(i.SystemClock_Config)
    SystemInit                               0x08003627   Thumb Code     2  system_stm32f1xx.o(i.SystemInit)
    TIM2_IRQHandler                          0x08003629   Thumb Code     6  stm32f1xx_it.o(i.TIM2_IRQHandler)
    TIM_Base_SetConfig                       0x08003635   Thumb Code    94  stm32f1xx_hal_tim.o(i.TIM_Base_SetConfig)
    TIM_ETR_SetConfig                        0x080036a1   Thumb Code    20  stm32f1xx_hal_tim.o(i.TIM_ETR_SetConfig)
    UsageFault_Handler                       0x0800380d   Thumb Code     2  stm32f1xx_it.o(i.UsageFault_Handler)
    __ARM_fpclassify                         0x0800380f   Thumb Code    40  fpclassify.o(i.__ARM_fpclassify)
    _is_digit                                0x08003859   Thumb Code    14  __printf_wp.o(i._is_digit)
    btn_press_short_callback                 0x08003869   Thumb Code  1056  main.o(i.btn_press_short_callback)
    btn_press_timeout_callback               0x08003c8d   Thumb Code     2  button.o(i.btn_press_timeout_callback)
    btn_pressing_callback                    0x08003c8f   Thumb Code     2  button.o(i.btn_pressing_callback)
    btn_release_callback                     0x08003c91   Thumb Code     2  button.o(i.btn_release_callback)
    button_handle                            0x08003c93   Thumb Code   144  button.o(i.button_handle)
    button_init                              0x08003d23   Thumb Code     6  button.o(i.button_init)
    check_alarm                              0x08003d29   Thumb Code    66  main.o(i.check_alarm)
    display_handle                           0x08003d75   Thumb Code  2394  main.o(i.display_handle)
    lcd_backlight_off                        0x080046dd   Thumb Code    28  liquidcrystal_i2c.o(i.lcd_backlight_off)
    lcd_backlight_on                         0x080046f9   Thumb Code    28  liquidcrystal_i2c.o(i.lcd_backlight_on)
    lcd_clear_display                        0x08004715   Thumb Code    18  liquidcrystal_i2c.o(i.lcd_clear_display)
    lcd_init                                 0x08004727   Thumb Code   102  liquidcrystal_i2c.o(i.lcd_init)
    lcd_printf                               0x0800478d   Thumb Code    58  liquidcrystal_i2c.o(i.lcd_printf)
    lcd_set_cursor                           0x08004851   Thumb Code    26  liquidcrystal_i2c.o(i.lcd_set_cursor)
    lcd_set_cursor_blink_off                 0x08004871   Thumb Code    16  liquidcrystal_i2c.o(i.lcd_set_cursor_blink_off)
    main                                     0x08004881   Thumb Code   326  main.o(i.main)
    timer_handle                             0x080049e5   Thumb Code    46  main.o(i.timer_handle)
    _get_lc_numeric                          0x08004a1d   Thumb Code    44  lc_numeric_c.o(locale$$code)
    _get_lc_ctype                            0x08004a49   Thumb Code    44  lc_ctype_c.o(locale$$code)
    _printf_fp_dec                           0x08004a75   Thumb Code     4  printf1.o(x$fpl$printf1)
    _printf_fp_hex                           0x08004a79   Thumb Code     4  printf2.o(x$fpl$printf2)
    __I$use$fp                               0x08004a7c   Number         0  usenofp.o(x$fpl$usenofp)
    AHBPrescTable                            0x08004a8e   Data          16  system_stm32f1xx.o(.constdata)
    APBPrescTable                            0x08004a9e   Data           8  system_stm32f1xx.o(.constdata)
    Region$$Table$$Base                      0x08004ba4   Number         0  anon$$obj.o(Region$$Table)
    Region$$Table$$Limit                     0x08004bc4   Number         0  anon$$obj.o(Region$$Table)
    __ctype                                  0x08004bed   Data           0  lc_ctype_c.o(locale$$data)
    clock_state                              0x20000000   Data           1  main.o(.data)
    backlight_state                          0x20000001   Data           1  main.o(.data)
    choose_mode                              0x20000002   Data           1  main.o(.data)
    adjusting_state                          0x20000003   Data           1  main.o(.data)
    alarm_state                              0x20000004   Data           1  main.o(.data)
    alarm_on_or_off                          0x20000005   Data           1  main.o(.data)
    alarming_flag                            0x20000006   Data           1  main.o(.data)
    timer_state                              0x20000007   Data           1  main.o(.data)
    song_list                                0x20000008   Data           1  main.o(.data)
    alarmTime                                0x20000009   Data           3  main.o(.data)
    timer_time                               0x2000000c   Data           3  main.o(.data)
    volume                                   0x20000010   Data           4  main.o(.data)
    temp1                                    0x20000014   Data           4  main.o(.data)
    temp2                                    0x20000018   Data           4  main.o(.data)
    uwTickFreq                               0x2000001c   Data           1  stm32f1xx_hal.o(.data)
    uwTickPrio                               0x20000020   Data           4  stm32f1xx_hal.o(.data)
    uwTick                                   0x20000024   Data           4  stm32f1xx_hal.o(.data)
    SystemCoreClock                          0x20000028   Data           4  system_stm32f1xx.o(.data)
    SendFrame                                0x2000002c   Data          10  dfplayer.o(.data)
    hi2c1                                    0x20000038   Data          84  main.o(.bss)
    htim1                                    0x2000008c   Data          72  main.o(.bss)
    htim2                                    0x200000d4   Data          72  main.o(.bss)
    huart1                                   0x2000011c   Data          72  main.o(.bss)
    hrtc1                                    0x20000164   Data          12  main.o(.bss)
    hlcd                                     0x20000170   Data          12  main.o(.bss)
    start_stop_button                        0x2000017c   Data          24  main.o(.bss)
    mode_button                              0x20000194   Data          24  main.o(.bss)
    light_button                             0x200001ac   Data          24  main.o(.bss)
    mp3                                      0x200001c4   Data          16  main.o(.bss)
    __libspace_start                         0x200001d4   Data          96  libspace.o(.bss)
    __temporary_stack_top$libspace           0x20000234   Data           0  libspace.o(.bss)



==============================================================================

Memory Map of the image

  Image Entry point : 0x080000ed

  Load Region LR_IROM1 (Base: 0x08000000, Size: 0x00004d28, Max: 0x00010000, ABSOLUTE)

    Execution Region ER_IROM1 (Base: 0x08000000, Size: 0x00004cf0, Max: 0x00010000, ABSOLUTE)

    Base Addr    Size         Type   Attr      Idx    E Section Name        Object

    0x08000000   0x000000ec   Data   RO            3    RESET               startup_stm32f103xb.o
    0x080000ec   0x00000008   Code   RO         3530  * !!!main             c_w.l(__main.o)
    0x080000f4   0x00000034   Code   RO         3848    !!!scatter          c_w.l(__scatter.o)
    0x08000128   0x0000001a   Code   RO         3850    !!handler_copy      c_w.l(__scatter_copy.o)
    0x08000142   0x00000002   PAD
    0x08000144   0x0000001c   Code   RO         3852    !!handler_zi        c_w.l(__scatter_zi.o)
    0x08000160   0x00000000   Code   RO         3614    .ARM.Collect$$_printf_percent$$00000000  c_w.l(_printf_percent.o)
    0x08000160   0x00000006   Code   RO         3603    .ARM.Collect$$_printf_percent$$00000001  c_w.l(_printf_n.o)
    0x08000166   0x00000006   Code   RO         3605    .ARM.Collect$$_printf_percent$$00000002  c_w.l(_printf_p.o)
    0x0800016c   0x00000006   Code   RO         3610    .ARM.Collect$$_printf_percent$$00000003  c_w.l(_printf_f.o)
    0x08000172   0x00000006   Code   RO         3611    .ARM.Collect$$_printf_percent$$00000004  c_w.l(_printf_e.o)
    0x08000178   0x00000006   Code   RO         3612    .ARM.Collect$$_printf_percent$$00000005  c_w.l(_printf_g.o)
    0x0800017e   0x00000006   Code   RO         3613    .ARM.Collect$$_printf_percent$$00000006  c_w.l(_printf_a.o)
    0x08000184   0x0000000a   Code   RO         3618    .ARM.Collect$$_printf_percent$$00000007  c_w.l(_printf_ll.o)
    0x0800018e   0x00000006   Code   RO         3607    .ARM.Collect$$_printf_percent$$00000008  c_w.l(_printf_i.o)
    0x08000194   0x00000006   Code   RO         3608    .ARM.Collect$$_printf_percent$$00000009  c_w.l(_printf_d.o)
    0x0800019a   0x00000006   Code   RO         3609    .ARM.Collect$$_printf_percent$$0000000A  c_w.l(_printf_u.o)
    0x080001a0   0x00000006   Code   RO         3606    .ARM.Collect$$_printf_percent$$0000000B  c_w.l(_printf_o.o)
    0x080001a6   0x00000006   Code   RO         3604    .ARM.Collect$$_printf_percent$$0000000C  c_w.l(_printf_x.o)
    0x080001ac   0x00000006   Code   RO         3615    .ARM.Collect$$_printf_percent$$0000000D  c_w.l(_printf_lli.o)
    0x080001b2   0x00000006   Code   RO         3616    .ARM.Collect$$_printf_percent$$0000000E  c_w.l(_printf_lld.o)
    0x080001b8   0x00000006   Code   RO         3617    .ARM.Collect$$_printf_percent$$0000000F  c_w.l(_printf_llu.o)
    0x080001be   0x00000006   Code   RO         3622    .ARM.Collect$$_printf_percent$$00000010  c_w.l(_printf_llo.o)
    0x080001c4   0x00000006   Code   RO         3623    .ARM.Collect$$_printf_percent$$00000011  c_w.l(_printf_llx.o)
    0x080001ca   0x0000000a   Code   RO         3619    .ARM.Collect$$_printf_percent$$00000012  c_w.l(_printf_l.o)
    0x080001d4   0x00000006   Code   RO         3601    .ARM.Collect$$_printf_percent$$00000013  c_w.l(_printf_c.o)
    0x080001da   0x00000006   Code   RO         3602    .ARM.Collect$$_printf_percent$$00000014  c_w.l(_printf_s.o)
    0x080001e0   0x00000006   Code   RO         3620    .ARM.Collect$$_printf_percent$$00000015  c_w.l(_printf_lc.o)
    0x080001e6   0x00000006   Code   RO         3621    .ARM.Collect$$_printf_percent$$00000016  c_w.l(_printf_ls.o)
    0x080001ec   0x00000004   Code   RO         3662    .ARM.Collect$$_printf_percent$$00000017  c_w.l(_printf_percent_end.o)
    0x080001f0   0x00000002   Code   RO         3711    .ARM.Collect$$libinit$$00000000  c_w.l(libinit.o)
    0x080001f2   0x00000000   Code   RO         3728    .ARM.Collect$$libinit$$00000002  c_w.l(libinit2.o)
    0x080001f2   0x00000000   Code   RO         3731    .ARM.Collect$$libinit$$00000008  c_w.l(libinit2.o)
    0x080001f2   0x00000000   Code   RO         3733    .ARM.Collect$$libinit$$0000000A  c_w.l(libinit2.o)
    0x080001f2   0x00000000   Code   RO         3735    .ARM.Collect$$libinit$$0000000C  c_w.l(libinit2.o)
    0x080001f2   0x00000006   Code   RO         3736    .ARM.Collect$$libinit$$0000000D  c_w.l(libinit2.o)
    0x080001f8   0x00000000   Code   RO         3738    .ARM.Collect$$libinit$$0000000F  c_w.l(libinit2.o)
    0x080001f8   0x0000000c   Code   RO         3739    .ARM.Collect$$libinit$$00000010  c_w.l(libinit2.o)
    0x08000204   0x00000000   Code   RO         3740    .ARM.Collect$$libinit$$00000011  c_w.l(libinit2.o)
    0x08000204   0x00000000   Code   RO         3742    .ARM.Collect$$libinit$$00000013  c_w.l(libinit2.o)
    0x08000204   0x0000000a   Code   RO         3743    .ARM.Collect$$libinit$$00000014  c_w.l(libinit2.o)
    0x0800020e   0x00000000   Code   RO         3744    .ARM.Collect$$libinit$$00000015  c_w.l(libinit2.o)
    0x0800020e   0x00000000   Code   RO         3746    .ARM.Collect$$libinit$$00000017  c_w.l(libinit2.o)
    0x0800020e   0x00000000   Code   RO         3748    .ARM.Collect$$libinit$$00000019  c_w.l(libinit2.o)
    0x0800020e   0x00000000   Code   RO         3750    .ARM.Collect$$libinit$$0000001B  c_w.l(libinit2.o)
    0x0800020e   0x00000000   Code   RO         3752    .ARM.Collect$$libinit$$0000001D  c_w.l(libinit2.o)
    0x0800020e   0x00000000   Code   RO         3754    .ARM.Collect$$libinit$$0000001F  c_w.l(libinit2.o)
    0x0800020e   0x00000000   Code   RO         3756    .ARM.Collect$$libinit$$00000021  c_w.l(libinit2.o)
    0x0800020e   0x00000000   Code   RO         3758    .ARM.Collect$$libinit$$00000023  c_w.l(libinit2.o)
    0x0800020e   0x00000000   Code   RO         3762    .ARM.Collect$$libinit$$0000002A  c_w.l(libinit2.o)
    0x0800020e   0x00000000   Code   RO         3764    .ARM.Collect$$libinit$$0000002C  c_w.l(libinit2.o)
    0x0800020e   0x00000000   Code   RO         3766    .ARM.Collect$$libinit$$0000002E  c_w.l(libinit2.o)
    0x0800020e   0x00000000   Code   RO         3768    .ARM.Collect$$libinit$$00000030  c_w.l(libinit2.o)
    0x0800020e   0x00000002   Code   RO         3769    .ARM.Collect$$libinit$$00000031  c_w.l(libinit2.o)
    0x08000210   0x00000002   Code   RO         3789    .ARM.Collect$$libshutdown$$00000000  c_w.l(libshutdown.o)
    0x08000212   0x00000000   Code   RO         3803    .ARM.Collect$$libshutdown$$00000003  c_w.l(libshutdown2.o)
    0x08000212   0x00000000   Code   RO         3806    .ARM.Collect$$libshutdown$$00000006  c_w.l(libshutdown2.o)
    0x08000212   0x00000000   Code   RO         3809    .ARM.Collect$$libshutdown$$00000009  c_w.l(libshutdown2.o)
    0x08000212   0x00000000   Code   RO         3811    .ARM.Collect$$libshutdown$$0000000B  c_w.l(libshutdown2.o)
    0x08000212   0x00000000   Code   RO         3814    .ARM.Collect$$libshutdown$$0000000E  c_w.l(libshutdown2.o)
    0x08000212   0x00000002   Code   RO         3815    .ARM.Collect$$libshutdown$$0000000F  c_w.l(libshutdown2.o)
    0x08000214   0x00000000   Code   RO         3532    .ARM.Collect$$rtentry$$00000000  c_w.l(rtentry.o)
    0x08000214   0x00000000   Code   RO         3633    .ARM.Collect$$rtentry$$00000002  c_w.l(rtentry2.o)
    0x08000214   0x00000006   Code   RO         3645    .ARM.Collect$$rtentry$$00000004  c_w.l(rtentry4.o)
    0x0800021a   0x00000000   Code   RO         3635    .ARM.Collect$$rtentry$$00000009  c_w.l(rtentry2.o)
    0x0800021a   0x00000004   Code   RO         3636    .ARM.Collect$$rtentry$$0000000A  c_w.l(rtentry2.o)
    0x0800021e   0x00000000   Code   RO         3638    .ARM.Collect$$rtentry$$0000000C  c_w.l(rtentry2.o)
    0x0800021e   0x00000008   Code   RO         3639    .ARM.Collect$$rtentry$$0000000D  c_w.l(rtentry2.o)
    0x08000226   0x00000002   Code   RO         3720    .ARM.Collect$$rtexit$$00000000  c_w.l(rtexit.o)
    0x08000228   0x00000000   Code   RO         3771    .ARM.Collect$$rtexit$$00000002  c_w.l(rtexit2.o)
    0x08000228   0x00000004   Code   RO         3772    .ARM.Collect$$rtexit$$00000003  c_w.l(rtexit2.o)
    0x0800022c   0x00000006   Code   RO         3773    .ARM.Collect$$rtexit$$00000004  c_w.l(rtexit2.o)
    0x08000232   0x00000002   PAD
    0x08000234   0x00000040   Code   RO            4    .text               startup_stm32f103xb.o
    0x08000274   0x00000024   Code   RO         3522    .text               c_w.l(vsprintf.o)
    0x08000298   0x0000003e   Code   RO         3524    .text               c_w.l(strlen.o)
    0x080002d6   0x0000004e   Code   RO         3526    .text               c_w.l(rt_memclr_w.o)
    0x08000324   0x00000006   Code   RO         3528    .text               c_w.l(heapauxi.o)
    0x0800032a   0x00000052   Code   RO         3535    .text               c_w.l(_printf_pad.o)
    0x0800037c   0x00000024   Code   RO         3537    .text               c_w.l(_printf_truncate.o)
    0x080003a0   0x00000052   Code   RO         3539    .text               c_w.l(_printf_str.o)
    0x080003f2   0x00000002   PAD
    0x080003f4   0x00000078   Code   RO         3541    .text               c_w.l(_printf_dec.o)
    0x0800046c   0x0000002a   Code   RO         3543    .text               c_w.l(_printf_charcount.o)
    0x08000496   0x00000002   PAD
    0x08000498   0x00000030   Code   RO         3545    .text               c_w.l(_printf_char_common.o)
    0x080004c8   0x0000000a   Code   RO         3547    .text               c_w.l(_sputc.o)
    0x080004d2   0x00000002   PAD
    0x080004d4   0x000000bc   Code   RO         3549    .text               c_w.l(_printf_wctomb.o)
    0x08000590   0x00000078   Code   RO         3552    .text               c_w.l(_printf_longlong_dec.o)
    0x08000608   0x00000078   Code   RO         3558    .text               c_w.l(_printf_oct_int_ll.o)
    0x08000680   0x0000009c   Code   RO         3578    .text               c_w.l(_printf_hex_int_ll_ptr.o)
    0x0800071c   0x0000018c   Code   RO         3598    .text               c_w.l(__printf_flags_ss_wp.o)
    0x080008a8   0x0000008a   Code   RO         3647    .text               c_w.l(lludiv10.o)
    0x08000932   0x000000b8   Code   RO         3649    .text               c_w.l(_printf_intcommon.o)
    0x080009ea   0x00000420   Code   RO         3651    .text               c_w.l(_printf_fp_dec.o)
    0x08000e0a   0x00000002   PAD
    0x08000e0c   0x00000300   Code   RO         3653    .text               c_w.l(_printf_fp_hex.o)
    0x0800110c   0x0000002c   Code   RO         3658    .text               c_w.l(_printf_char.o)
    0x08001138   0x0000002c   Code   RO         3660    .text               c_w.l(_printf_wchar.o)
    0x08001164   0x00000040   Code   RO         3663    .text               c_w.l(_wcrtomb.o)
    0x080011a4   0x0000004a   Code   RO         3665    .text               c_w.l(sys_stackheap_outer.o)
    0x080011ee   0x00000002   PAD
    0x080011f0   0x00000010   Code   RO         3667    .text               c_w.l(rt_ctype_table.o)
    0x08001200   0x00000008   Code   RO         3672    .text               c_w.l(rt_locale_intlibspace.o)
    0x08001208   0x00000080   Code   RO         3674    .text               c_w.l(_printf_fp_infnan.o)
    0x08001288   0x000000e4   Code   RO         3676    .text               c_w.l(bigflt0.o)
    0x0800136c   0x0000000c   Code   RO         3704    .text               c_w.l(exit.o)
    0x08001378   0x00000008   Code   RO         3717    .text               c_w.l(libspace.o)
    0x08001380   0x00000080   Code   RO         3725    .text               c_w.l(strcmpv7m.o)
    0x08001400   0x0000000c   Code   RO         3781    .text               c_w.l(sys_exit.o)
    0x0800140c   0x00000002   Code   RO         3792    .text               c_w.l(use_no_semi.o)
    0x0800140e   0x00000000   Code   RO         3794    .text               c_w.l(indicate_semi.o)
    0x0800140e   0x0000003e   Code   RO         3679    CL$$btod_d2e        c_w.l(btod.o)
    0x0800144c   0x00000046   Code   RO         3681    CL$$btod_d2e_denorm_low  c_w.l(btod.o)
    0x08001492   0x00000060   Code   RO         3680    CL$$btod_d2e_norm_op1  c_w.l(btod.o)
    0x080014f2   0x00000338   Code   RO         3689    CL$$btod_div_common  c_w.l(btod.o)
    0x0800182a   0x000000c6   Code   RO         3686    CL$$btod_e2e        c_w.l(btod.o)
    0x080018f0   0x00000028   Code   RO         3683    CL$$btod_ediv       c_w.l(btod.o)
    0x08001918   0x00000028   Code   RO         3682    CL$$btod_emul       c_w.l(btod.o)
    0x08001940   0x00000244   Code   RO         3688    CL$$btod_mult_common  c_w.l(btod.o)
    0x08001b84   0x00000012   Code   RO         3191    i.BCD2Decimal       rtc.o
    0x08001b96   0x00000002   Code   RO          225    i.BusFault_Handler  stm32f1xx_it.o
    0x08001b98   0x0000001c   Code   RO         3432    i.DFPLAYER_Init     dfplayer.o
    0x08001bb4   0x0000000a   Code   RO         3437    i.DFPLAYER_PlayTrack  dfplayer.o
    0x08001bbe   0x00000044   Code   RO         3440    i.DFPLAYER_SendCmd  dfplayer.o
    0x08001c02   0x0000000a   Code   RO         3441    i.DFPLAYER_SetVolume  dfplayer.o
    0x08001c0c   0x0000000a   Code   RO         3442    i.DFPLAYER_Stop     dfplayer.o
    0x08001c16   0x00000002   Code   RO          226    i.DebugMon_Handler  stm32f1xx_it.o
    0x08001c18   0x00000012   Code   RO         3192    i.Decimal2BCD       rtc.o
    0x08001c2a   0x00000002   PAD
    0x08001c2c   0x00000024   Code   RO          847    i.HAL_Delay         stm32f1xx_hal.o
    0x08001c50   0x000001d8   Code   RO         1157    i.HAL_GPIO_Init     stm32f1xx_hal_gpio.o
    0x08001e28   0x0000000a   Code   RO         1159    i.HAL_GPIO_ReadPin  stm32f1xx_hal_gpio.o
    0x08001e32   0x00000002   PAD
    0x08001e34   0x0000000c   Code   RO          851    i.HAL_GetTick       stm32f1xx_hal.o
    0x08001e40   0x0000017c   Code   RO          414    i.HAL_I2C_Init      stm32f1xx_hal_i2c.o
    0x08001fbc   0x00000260   Code   RO          420    i.HAL_I2C_Master_Receive  stm32f1xx_hal_i2c.o
    0x0800221c   0x00000134   Code   RO          427    i.HAL_I2C_Master_Transmit  stm32f1xx_hal_i2c.o
    0x08002350   0x0000005c   Code   RO          308    i.HAL_I2C_MspInit   stm32f1xx_hal_msp.o
    0x080023ac   0x00000010   Code   RO          857    i.HAL_IncTick       stm32f1xx_hal.o
    0x080023bc   0x00000024   Code   RO          858    i.HAL_Init          stm32f1xx_hal.o
    0x080023e0   0x00000040   Code   RO          859    i.HAL_InitTick      stm32f1xx_hal.o
    0x08002420   0x00000044   Code   RO          309    i.HAL_MspInit       stm32f1xx_hal_msp.o
    0x08002464   0x0000001c   Code   RO         1317    i.HAL_NVIC_EnableIRQ  stm32f1xx_hal_cortex.o
    0x08002480   0x00000040   Code   RO         1323    i.HAL_NVIC_SetPriority  stm32f1xx_hal_cortex.o
    0x080024c0   0x00000024   Code   RO         1324    i.HAL_NVIC_SetPriorityGrouping  stm32f1xx_hal_cortex.o
    0x080024e4   0x0000012c   Code   RO         1015    i.HAL_RCC_ClockConfig  stm32f1xx_hal_rcc.o
    0x08002610   0x00000020   Code   RO         1022    i.HAL_RCC_GetPCLK1Freq  stm32f1xx_hal_rcc.o
    0x08002630   0x00000020   Code   RO         1023    i.HAL_RCC_GetPCLK2Freq  stm32f1xx_hal_rcc.o
    0x08002650   0x0000004c   Code   RO         1024    i.HAL_RCC_GetSysClockFreq  stm32f1xx_hal_rcc.o
    0x0800269c   0x00000328   Code   RO         1027    i.HAL_RCC_OscConfig  stm32f1xx_hal_rcc.o
    0x080029c4   0x00000028   Code   RO         1328    i.HAL_SYSTICK_Config  stm32f1xx_hal_cortex.o
    0x080029ec   0x00000002   Code   RO         2523    i.HAL_TIMEx_BreakCallback  stm32f1xx_hal_tim_ex.o
    0x080029ee   0x00000002   Code   RO         2524    i.HAL_TIMEx_CommutCallback  stm32f1xx_hal_tim_ex.o
    0x080029f0   0x00000068   Code   RO         2542    i.HAL_TIMEx_MasterConfigSynchronization  stm32f1xx_hal_tim_ex.o
    0x08002a58   0x00000048   Code   RO         1819    i.HAL_TIM_Base_Init  stm32f1xx_hal_tim.o
    0x08002aa0   0x00000050   Code   RO          311    i.HAL_TIM_Base_MspInit  stm32f1xx_hal_msp.o
    0x08002af0   0x00000050   Code   RO         1822    i.HAL_TIM_Base_Start  stm32f1xx_hal_tim.o
    0x08002b40   0x00000058   Code   RO         1824    i.HAL_TIM_Base_Start_IT  stm32f1xx_hal_tim.o
    0x08002b98   0x00000030   Code   RO         1827    i.HAL_TIM_Base_Stop_IT  stm32f1xx_hal_tim.o
    0x08002bc8   0x000000da   Code   RO         1828    i.HAL_TIM_ConfigClockSource  stm32f1xx_hal_tim.o
    0x08002ca2   0x00000002   Code   RO         1853    i.HAL_TIM_IC_CaptureCallback  stm32f1xx_hal_tim.o
    0x08002ca4   0x00000166   Code   RO         1867    i.HAL_TIM_IRQHandler  stm32f1xx_hal_tim.o
    0x08002e0a   0x00000002   Code   RO         1870    i.HAL_TIM_OC_DelayElapsedCallback  stm32f1xx_hal_tim.o
    0x08002e0c   0x00000002   Code   RO         1897    i.HAL_TIM_PWM_PulseFinishedCallback  stm32f1xx_hal_tim.o
    0x08002e0e   0x00000002   PAD
    0x08002e10   0x00000020   Code   RO           14    i.HAL_TIM_PeriodElapsedCallback  main.o
    0x08002e30   0x00000002   Code   RO         1910    i.HAL_TIM_TriggerCallback  stm32f1xx_hal_tim.o
    0x08002e32   0x00000064   Code   RO         2820    i.HAL_UART_Init     stm32f1xx_hal_uart.o
    0x08002e96   0x00000002   PAD
    0x08002e98   0x00000070   Code   RO          313    i.HAL_UART_MspInit  stm32f1xx_hal_msp.o
    0x08002f08   0x0000009a   Code   RO         2828    i.HAL_UART_Transmit  stm32f1xx_hal_uart.o
    0x08002fa2   0x00000002   Code   RO          227    i.HardFault_Handler  stm32f1xx_it.o
    0x08002fa4   0x0000002e   Code   RO          457    i.I2C_IsAcknowledgeFailed  stm32f1xx_hal_i2c.o
    0x08002fd2   0x00000002   PAD
    0x08002fd4   0x000000ec   Code   RO          460    i.I2C_MasterRequestRead  stm32f1xx_hal_i2c.o
    0x080030c0   0x0000009c   Code   RO          461    i.I2C_MasterRequestWrite  stm32f1xx_hal_i2c.o
    0x0800315c   0x00000056   Code   RO          472    i.I2C_WaitOnBTFFlagUntilTimeout  stm32f1xx_hal_i2c.o
    0x080031b2   0x00000002   PAD
    0x080031b4   0x00000090   Code   RO          473    i.I2C_WaitOnFlagUntilTimeout  stm32f1xx_hal_i2c.o
    0x08003244   0x000000bc   Code   RO          474    i.I2C_WaitOnMasterAddressFlagUntilTimeout  stm32f1xx_hal_i2c.o
    0x08003300   0x0000006e   Code   RO          475    i.I2C_WaitOnRXNEFlagUntilTimeout  stm32f1xx_hal_i2c.o
    0x0800336e   0x00000056   Code   RO          476    i.I2C_WaitOnTXEFlagUntilTimeout  stm32f1xx_hal_i2c.o
    0x080033c4   0x00000058   Code   RO           15    i.MX_GPIO_Init      main.o
    0x0800341c   0x0000006c   Code   RO           16    i.MX_TIM1_Init      main.o
    0x08003488   0x00000068   Code   RO           17    i.MX_TIM2_Init      main.o
    0x080034f0   0x00000002   Code   RO          228    i.MemManage_Handler  stm32f1xx_it.o
    0x080034f2   0x00000002   Code   RO          229    i.NMI_Handler       stm32f1xx_it.o
    0x080034f4   0x00000002   Code   RO          230    i.PendSV_Handler    stm32f1xx_it.o
    0x080034f6   0x00000004   Code   RO         3193    i.RTC_Init          rtc.o
    0x080034fa   0x00000072   Code   RO         3194    i.RTC_ReadTime      rtc.o
    0x0800356c   0x00000064   Code   RO         3195    i.RTC_WriteTime     rtc.o
    0x080035d0   0x00000002   Code   RO          231    i.SVC_Handler       stm32f1xx_it.o
    0x080035d2   0x00000004   Code   RO          232    i.SysTick_Handler   stm32f1xx_it.o
    0x080035d6   0x00000050   Code   RO           18    i.SystemClock_Config  main.o
    0x08003626   0x00000002   Code   RO         3154    i.SystemInit        system_stm32f1xx.o
    0x08003628   0x0000000c   Code   RO          233    i.TIM2_IRQHandler   stm32f1xx_it.o
    0x08003634   0x0000006c   Code   RO         1912    i.TIM_Base_SetConfig  stm32f1xx_hal_tim.o
    0x080036a0   0x00000014   Code   RO         1923    i.TIM_ETR_SetConfig  stm32f1xx_hal_tim.o
    0x080036b4   0x00000010   Code   RO         1924    i.TIM_ITRx_SetConfig  stm32f1xx_hal_tim.o
    0x080036c4   0x00000022   Code   RO         1930    i.TIM_TI1_ConfigInputStage  stm32f1xx_hal_tim.o
    0x080036e6   0x00000024   Code   RO         1932    i.TIM_TI2_ConfigInputStage  stm32f1xx_hal_tim.o
    0x0800370a   0x00000002   PAD
    0x0800370c   0x0000008c   Code   RO         2846    i.UART_SetConfig    stm32f1xx_hal_uart.o
    0x08003798   0x00000074   Code   RO         2849    i.UART_WaitOnFlagUntilTimeout  stm32f1xx_hal_uart.o
    0x0800380c   0x00000002   Code   RO          234    i.UsageFault_Handler  stm32f1xx_it.o
    0x0800380e   0x00000028   Code   RO         3715    i.__ARM_fpclassify  m_ws.l(fpclassify.o)
    0x08003836   0x00000002   PAD
    0x08003838   0x00000020   Code   RO         1330    i.__NVIC_SetPriority  stm32f1xx_hal_cortex.o
    0x08003858   0x0000000e   Code   RO         3591    i._is_digit         c_w.l(__printf_wp.o)
    0x08003866   0x00000002   PAD
    0x08003868   0x00000424   Code   RO           19    i.btn_press_short_callback  main.o
    0x08003c8c   0x00000002   Code   RO         3376    i.btn_press_timeout_callback  button.o
    0x08003c8e   0x00000002   Code   RO         3377    i.btn_pressing_callback  button.o
    0x08003c90   0x00000002   Code   RO         3378    i.btn_release_callback  button.o
    0x08003c92   0x00000090   Code   RO         3379    i.button_handle     button.o
    0x08003d22   0x00000006   Code   RO         3380    i.button_init       button.o
    0x08003d28   0x0000004c   Code   RO           24    i.check_alarm       main.o
    0x08003d74   0x00000968   Code   RO           25    i.display_handle    main.o
    0x080046dc   0x0000001c   Code   RO         3241    i.lcd_backlight_off  liquidcrystal_i2c.o
    0x080046f8   0x0000001c   Code   RO         3242    i.lcd_backlight_on  liquidcrystal_i2c.o
    0x08004714   0x00000012   Code   RO         3243    i.lcd_clear_display  liquidcrystal_i2c.o
    0x08004726   0x00000066   Code   RO         3247    i.lcd_init          liquidcrystal_i2c.o
    0x0800478c   0x0000003a   Code   RO         3248    i.lcd_printf        liquidcrystal_i2c.o
    0x080047c6   0x00000040   Code   RO         3250    i.lcd_send_cmd      liquidcrystal_i2c.o
    0x08004806   0x00000048   Code   RO         3251    i.lcd_send_data     liquidcrystal_i2c.o
    0x0800484e   0x00000002   PAD
    0x08004850   0x00000020   Code   RO         3252    i.lcd_set_cursor    liquidcrystal_i2c.o
    0x08004870   0x00000010   Code   RO         3253    i.lcd_set_cursor_blink_off  liquidcrystal_i2c.o
    0x08004880   0x00000164   Code   RO           26    i.main              main.o
    0x080049e4   0x00000038   Code   RO           27    i.timer_handle      main.o
    0x08004a1c   0x0000002c   Code   RO         3702    locale$$code        c_w.l(lc_numeric_c.o)
    0x08004a48   0x0000002c   Code   RO         3723    locale$$code        c_w.l(lc_ctype_c.o)
    0x08004a74   0x00000004   Code   RO         3624    x$fpl$printf1       fz_ws.l(printf1.o)
    0x08004a78   0x00000004   Code   RO         3626    x$fpl$printf2       fz_ws.l(printf2.o)
    0x08004a7c   0x00000000   Code   RO         3714    x$fpl$usenofp       fz_ws.l(usenofp.o)
    0x08004a7c   0x00000012   Data   RO         1028    .constdata          stm32f1xx_hal_rcc.o
    0x08004a8e   0x00000010   Data   RO         3155    .constdata          system_stm32f1xx.o
    0x08004a9e   0x00000008   Data   RO         3156    .constdata          system_stm32f1xx.o
    0x08004aa6   0x00000002   PAD
    0x08004aa8   0x00000008   Data   RO         3550    .constdata          c_w.l(_printf_wctomb.o)
    0x08004ab0   0x00000028   Data   RO         3579    .constdata          c_w.l(_printf_hex_int_ll_ptr.o)
    0x08004ad8   0x00000011   Data   RO         3599    .constdata          c_w.l(__printf_flags_ss_wp.o)
    0x08004ae9   0x00000026   Data   RO         3654    .constdata          c_w.l(_printf_fp_hex.o)
    0x08004b0f   0x00000001   PAD
    0x08004b10   0x00000094   Data   RO         3677    .constdata          c_w.l(bigflt0.o)
    0x08004ba4   0x00000020   Data   RO         3846    Region$$Table       anon$$obj.o
    0x08004bc4   0x0000001c   Data   RO         3701    locale$$data        c_w.l(lc_numeric_c.o)
    0x08004be0   0x00000110   Data   RO         3722    locale$$data        c_w.l(lc_ctype_c.o)


    Execution Region RW_IRAM1 (Base: 0x20000000, Size: 0x00000838, Max: 0x00005000, ABSOLUTE)

    Base Addr    Size         Type   Attr      Idx    E Section Name        Object

    0x20000000   0x0000001c   Data   RW           29    .data               main.o
    0x2000001c   0x0000000c   Data   RW          865    .data               stm32f1xx_hal.o
    0x20000028   0x00000004   Data   RW         3157    .data               system_stm32f1xx.o
    0x2000002c   0x0000000a   Data   RW         3443    .data               dfplayer.o
    0x20000036   0x00000002   PAD
    0x20000038   0x0000019c   Zero   RW           28    .bss                main.o
    0x200001d4   0x00000060   Zero   RW         3718    .bss                c_w.l(libspace.o)
    0x20000234   0x00000004   PAD
    0x20000238   0x00000200   Zero   RW            2    HEAP                startup_stm32f103xb.o
    0x20000438   0x00000400   Zero   RW            1    STACK               startup_stm32f103xb.o


==============================================================================

Image component sizes


      Code (inc. data)   RO Data    RW Data    ZI Data      Debug   Object Name

       156          0          0          0          0       2758   button.o
       126          6          0         10          0       3602   dfplayer.o
       418          6          0          0          0       6051   liquidcrystal_i2c.o
      4368        520          0         28        412     444942   main.o
       254          0          0          0          0       2808   rtc.o
        64         26        236          0       1536        748   startup_stm32f103xb.o
       164         28          0         12          0       5393   stm32f1xx_hal.o
       200         24          0          0          0      28239   stm32f1xx_hal_cortex.o
       482         32          0          0          0       2423   stm32f1xx_hal_gpio.o
      2348         56          0          0          0      10166   stm32f1xx_hal_i2c.o
       352         42          0          0          0       2550   stm32f1xx_hal_msp.o
      1248         84         18          0          0       4528   stm32f1xx_hal_rcc.o
      1086         40          0          0          0       9501   stm32f1xx_hal_tim.o
       108         14          0          0          0       2125   stm32f1xx_hal_tim_ex.o
       510          4          0          0          0       3220   stm32f1xx_hal_uart.o
        32          6          0          0          0       3748   stm32f1xx_it.o
         2          0         24          4          0        951   system_stm32f1xx.o

    ----------------------------------------------------------------------
     11934        888        312         56       1948     533753   Object Totals
         0          0         32          0          0          0   (incl. Generated)
        16          0          2          2          0          0   (incl. Padding)

    ----------------------------------------------------------------------

      Code (inc. data)   RO Data    RW Data    ZI Data      Debug   Library Member Name

         8          0          0          0          0         68   __main.o
       396          6         17          0          0         92   __printf_flags_ss_wp.o
        14          0          0          0          0         68   __printf_wp.o
        52          8          0          0          0          0   __scatter.o
        26          0          0          0          0          0   __scatter_copy.o
        28          0          0          0          0          0   __scatter_zi.o
         6          0          0          0          0          0   _printf_a.o
         6          0          0          0          0          0   _printf_c.o
        44          0          0          0          0        108   _printf_char.o
        48          6          0          0          0         96   _printf_char_common.o
        42          0          0          0          0         68   _printf_charcount.o
         6          0          0          0          0          0   _printf_d.o
       120         18          0          0          0         92   _printf_dec.o
         6          0          0          0          0          0   _printf_e.o
         6          0          0          0          0          0   _printf_f.o
      1056          0          0          0          0        216   _printf_fp_dec.o
       768          8         38          0          0        100   _printf_fp_hex.o
       128         16          0          0          0         84   _printf_fp_infnan.o
         6          0          0          0          0          0   _printf_g.o
       156          6         40          0          0        160   _printf_hex_int_ll_ptr.o
         6          0          0          0          0          0   _printf_i.o
       184          0          0          0          0         88   _printf_intcommon.o
        10          0          0          0          0          0   _printf_l.o
         6          0          0          0          0          0   _printf_lc.o
        10          0          0          0          0          0   _printf_ll.o
         6          0          0          0          0          0   _printf_lld.o
         6          0          0          0          0          0   _printf_lli.o
         6          0          0          0          0          0   _printf_llo.o
         6          0          0          0          0          0   _printf_llu.o
         6          0          0          0          0          0   _printf_llx.o
       120         16          0          0          0         92   _printf_longlong_dec.o
         6          0          0          0          0          0   _printf_ls.o
         6          0          0          0          0          0   _printf_n.o
         6          0          0          0          0          0   _printf_o.o
       120          8          0          0          0        124   _printf_oct_int_ll.o
         6          0          0          0          0          0   _printf_p.o
        82          0          0          0          0        108   _printf_pad.o
         0          0          0          0          0          0   _printf_percent.o
         4          0          0          0          0          0   _printf_percent_end.o
         6          0          0          0          0          0   _printf_s.o
        82          0          0          0          0         80   _printf_str.o
        36          0          0          0          0         84   _printf_truncate.o
         6          0          0          0          0          0   _printf_u.o
        44          0          0          0          0        108   _printf_wchar.o
       188          6          8          0          0         92   _printf_wctomb.o
         6          0          0          0          0          0   _printf_x.o
        10          0          0          0          0         68   _sputc.o
        64          0          0          0          0         92   _wcrtomb.o
       228          6        148          0          0         96   bigflt0.o
      1910        128          0          0          0        672   btod.o
        12          0          0          0          0         72   exit.o
         6          0          0          0          0        152   heapauxi.o
         0          0          0          0          0          0   indicate_semi.o
        44         10        272          0          0         76   lc_ctype_c.o
        44         10         28          0          0         76   lc_numeric_c.o
         2          0          0          0          0          0   libinit.o
        30          0          0          0          0          0   libinit2.o
         2          0          0          0          0          0   libshutdown.o
         2          0          0          0          0          0   libshutdown2.o
         8          4          0          0         96         68   libspace.o
       138          0          0          0          0         80   lludiv10.o
        16          4          0          0          0         76   rt_ctype_table.o
         8          4          0          0          0         68   rt_locale_intlibspace.o
        78          0          0          0          0         80   rt_memclr_w.o
         0          0          0          0          0          0   rtentry.o
        12          0          0          0          0          0   rtentry2.o
         6          0          0          0          0          0   rtentry4.o
         2          0          0          0          0          0   rtexit.o
        10          0          0          0          0          0   rtexit2.o
       128          0          0          0          0         68   strcmpv7m.o
        62          0          0          0          0         76   strlen.o
        12          4          0          0          0         68   sys_exit.o
        74          0          0          0          0         80   sys_stackheap_outer.o
         2          0          0          0          0         68   use_no_semi.o
        36          4          0          0          0         76   vsprintf.o
         4          0          0          0          0         68   printf1.o
         4          0          0          0          0         68   printf2.o
         0          0          0          0          0          0   usenofp.o
        40          0          0          0          0         68   fpclassify.o

    ----------------------------------------------------------------------
      6898        272        552          0        100       4244   Library Totals
        18          0          1          0          4          0   (incl. Padding)

    ----------------------------------------------------------------------

      Code (inc. data)   RO Data    RW Data    ZI Data      Debug   Library Name

      6832        272        551          0         96       4040   c_w.l
         8          0          0          0          0        136   fz_ws.l
        40          0          0          0          0         68   m_ws.l

    ----------------------------------------------------------------------
      6898        272        552          0        100       4244   Library Totals

    ----------------------------------------------------------------------

==============================================================================


      Code (inc. data)   RO Data    RW Data    ZI Data      Debug   

     18832       1160        864         56       2048     530509   Grand Totals
     18832       1160        864         56       2048     530509   ELF Image Totals
     18832       1160        864         56          0          0   ROM Totals

==============================================================================

    Total RO  Size (Code + RO Data)                19696 (  19.23kB)
    Total RW  Size (RW Data + ZI Data)              2104 (   2.05kB)
    Total ROM Size (Code + RO Data + RW Data)      19752 (  19.29kB)

==============================================================================

